Traceback (most recent call last):
  File "/home/kevinsh/mlip/codes/D2_naive/trainmace.py", line 200, in <module>
    main()
  File "/home/kevinsh/env/lib64/python3.11/site-packages/torch/distributed/elastic/multiprocessing/errors/__init__.py", line 362, in wrapper
    return f(*args, **kwargs)
           ^^^^^^^^^^^^^^^^^^
  File "/home/kevinsh/mlip/codes/D2_naive/trainmace.py", line 195, in main
    from mace.cli.run_train import main as run_train_main
  File "/home/kevinsh/mlip/mace/mace/__init__.py", line 4, in <module>
    from .tools.compat import patch_e3nn_codegen_setstate
  File "/home/kevinsh/mlip/mace/mace/tools/__init__.py", line 2, in <module>
    from .arg_parser_tools import check_args
  File "/home/kevinsh/mlip/mace/mace/tools/arg_parser_tools.py", line 5, in <module>
    from e3nn import o3
  File "/home/kevinsh/env/lib64/python3.11/site-packages/e3nn/o3/__init__.py", line 31, in <module>
    from ._wigner import wigner_D, wigner_3j
  File "/home/kevinsh/env/lib64/python3.11/site-packages/e3nn/o3/_wigner.py", line 10, in <module>
    _Jd, _W3j_flat, _W3j_indices = torch.load(os.path.join(os.path.dirname(__file__), 'constants.pt'))
                                   ^^^^^^^^^^^^^^^^^^^^^^^^^^^^^^^^^^^^^^^^^^^^^^^^^^^^^^^^^^^^^^^^^^^
  File "/home/kevinsh/env/lib64/python3.11/site-packages/torch/serialization.py", line 1578, in load
    raise pickle.UnpicklingError(_get_wo_message(str(e))) from None
_pickle.UnpicklingError: Weights only load failed. This file can still be loaded, to do so you have two options, [1mdo those steps only if you trust the source of the checkpoint[0m. 
	(1) In PyTorch 2.6, we changed the default value of the `weights_only` argument in `torch.load` from `False` to `True`. Re-running `torch.load` with `weights_only` set to `False` will likely succeed, but it can result in arbitrary code execution. Do it only if you got the file from a trusted source.
	(2) Alternatively, to load with `weights_only=True` please check the recommended steps in the following error message.
	WeightsUnpickler error: Unsupported global: GLOBAL slice was not an allowed global by default. Please use `torch.serialization.add_safe_globals([slice])` or the `torch.serialization.safe_globals([slice])` context manager to allowlist this global if you trust this class/function.

Check the documentation of torch.load to learn more about types accepted by default with weights_only https://pytorch.org/docs/stable/generated/torch.load.html.
