Using prepared DFT E0s from /home/kevinsh/mlip/codes/D2_naive/data/target_dft_e0s.json
cuequivariance or cuequivariance_torch is not available. Cuequivariance acceleration will be disabled.
2026-09-01 18:29:42.625 INFO: ===========VERIFYING SETTINGS===========
2026-09-01 18:29:42.796 INFO: Process group initialized: True
2026-09-01 18:29:42.796 INFO: Processes: 2
2026-09-01 18:29:42.796 INFO: MACE version: 0.3.16
2026-09-01 18:29:42.796 INFO: CUDA version: 12.8, CUDA device: 0
2026-09-01 18:29:42.815 INFO: Using Polar foundation model polar-1-s as initial checkpoint.
Using MACE-Polar model for MACECalculator with /home/kevinsh/mlip/outputsfull/.cache/mace/MACEPOLAR1Smodel
2026-09-01 18:29:42.882 INFO: ===========LOADING INPUT DATA===========
2026-09-01 18:29:42.882 INFO: Using heads: ['Default']
2026-09-01 18:29:42.882 INFO: Using the key specifications to parse data:
2026-09-01 18:29:42.882 INFO: Default: KeySpecification(info_keys={'energy': 'REF_energy', 'stress': 'REF_stress', 'virials': 'REF_virials', 'dipole': 'dipole', 'head': 'head', 'elec_temp': 'elec_temp', 'total_charge': 'charge', 'polarizability': 'polarizability', 'total_spin': 'spin'}, arrays_keys={'forces': 'REF_forces', 'charges': 'REF_charges'})
2026-09-01 18:29:42.882 INFO: =============    Processing head Default     ===========
2026-09-01 18:29:42.931 INFO: Training set 1/1 [energy: 417, stress: 0, virials: 0, dipole components: 0, head: 417, elec_temp: 0, total_charge: 417, polarizability: 0, total_spin: 417, forces: 417, charges: 0]
2026-09-01 18:29:42.932 INFO: Total Training set [energy: 417, stress: 0, virials: 0, dipole components: 0, head: 417, elec_temp: 0, total_charge: 417, polarizability: 0, total_spin: 417, forces: 417, charges: 0]
2026-09-01 18:29:42.939 INFO: Validation set 1/1 [energy: 23, stress: 0, virials: 0, dipole components: 0, head: 23, elec_temp: 0, total_charge: 23, polarizability: 0, total_spin: 23, forces: 23, charges: 0]
2026-09-01 18:29:42.939 INFO: Total Validation set [energy: 23, stress: 0, virials: 0, dipole components: 0, head: 23, elec_temp: 0, total_charge: 23, polarizability: 0, total_spin: 23, forces: 23, charges: 0]
2026-09-01 18:29:42.939 INFO: Total number of configurations: train=417, valid=23, tests=[],
2026-09-01 18:29:42.939 INFO: Using atomic numbers from command line argument
2026-09-01 18:29:42.939 INFO: Atomic Numbers used: [1, 7, 8, 16]
2026-09-01 18:29:42.939 INFO: Isolated Atomic Energies (E0s) not in training file, using command line argument
2026-09-01 18:29:42.939 INFO: Loading atomic energies from /home/kevinsh/mlip/codes/D2_naive/data/target_dft_e0s.json
2026-09-01 18:29:42.939 INFO: Atomic Energies used (z: eV) for head Default: {1: -13.44558, 7: -1485.54202, 8: -2042.97854, 16: -10832.62247}
2026-09-01 18:29:42.939 INFO: Processing datasets for head 'Default'
2026-09-01 18:29:43.171 INFO: Combining 1 list datasets for head 'Default'
2026-09-01 18:29:43.176 INFO: Combining 1 list datasets for head 'Default_valid'
2026-09-01 18:29:43.176 INFO: Combined validation datasets for Default
2026-09-01 18:29:43.176 INFO: Head 'Default' training dataset size: 417
2026-09-01 18:29:43.176 INFO: Computing average number of neighbors
2026-09-01 18:29:44.079 INFO: Average number of neighbors: 22.66477394104004
2026-09-01 18:29:44.079 INFO: During training the following quantities will be reported: energy, forces
2026-09-01 18:29:44.079 INFO: ===========MODEL DETAILS===========
2026-09-01 18:29:44.691 INFO: Loading FOUNDATION model
2026-09-01 18:29:44.692 INFO: Using filtered elements: [1, 7, 8, 16]
2026-09-01 18:29:44.692 INFO: Model configuration extracted from foundation model
2026-09-01 18:29:44.692 INFO: Using weighted loss function for fine-tuning
2026-09-01 18:29:44.692 INFO: Message passing with hidden irreps 512x0e)
2026-09-01 18:29:44.692 INFO: 1 layers, each with correlation order: 3 (body order: 4) and spherical harmonics up to: l=3
2026-09-01 18:29:44.692 INFO: Radial cutoff: 6.0 A (total receptive field for each atom: 6.0 A)
2026-09-01 18:29:44.692 INFO: Distance transform for radial basis functions: None
2026-09-01 18:29:45.386 INFO: ===========OPTIMIZER INFORMATION===========
2026-09-01 18:29:45.386 INFO: Using ADAM as parameter optimizer
2026-09-01 18:29:45.386 INFO: Batch size: 1
2026-09-01 18:29:45.386 INFO: Using Exponential Moving Average with decay: 0.99999
2026-09-01 18:29:45.386 INFO: Number of gradient updates: 83400
2026-09-01 18:29:45.386 INFO: Learning rate: 0.01, weight decay: 5e-07
2026-09-01 18:29:45.386 INFO: WeightedEnergyForcesLoss(energy_weight=1.000, forces_weight=100.000)
2026-09-01 18:29:45.386 INFO: === Layer's learning rates ===
2026-09-01 18:29:45.386 INFO: Param group 0: lr = 0.01
2026-09-01 18:29:45.387 INFO: Param group 1: lr = 0.01
2026-09-01 18:29:45.387 INFO: Param group 2: lr = 0.01
2026-09-01 18:29:45.387 INFO: Param group 3: lr = 0.01
2026-09-01 18:29:45.387 INFO: Param group 4: lr = 0.01
2026-09-01 18:29:45.398 INFO: Using gradient clipping with tolerance=10.000
2026-09-01 18:29:45.398 INFO: 
2026-09-01 18:29:45.398 INFO: ===========TRAINING===========
2026-09-01 18:29:45.398 INFO: Started training, reporting errors on validation set
2026-09-01 18:29:45.398 INFO: Loss metrics on validation set
2026-09-01 18:29:47.366 INFO: Initial: head: Default, loss=10.47387981, RMSE_E_per_atom= 3234.09 meV, RMSE_F=   12.05 meV / A
2026-09-01 18:30:01.764 INFO: Epoch 0: batch 208/208 (100.0%), loss=6.25371552, step_time=0.054s
2026-09-01 18:30:02.158 INFO: Epoch 0: head: Default, loss=2.18268871, RMSE_E_per_atom= 1121.15 meV, RMSE_F=   96.21 meV / A
2026-09-01 18:30:14.425 INFO: Epoch 1: batch 208/208 (100.0%), loss=10.97362709, step_time=0.054s
2026-09-01 18:30:14.830 INFO: Epoch 1: head: Default, loss=0.76953542, RMSE_E_per_atom=  620.27 meV, RMSE_F=   62.03 meV / A
2026-09-01 18:30:27.127 INFO: Epoch 2: batch 208/208 (100.0%), loss=5.20619345, step_time=0.054s
2026-09-01 18:30:27.533 INFO: Epoch 2: head: Default, loss=0.48714110, RMSE_E_per_atom=  424.78 meV, RMSE_F=   55.38 meV / A
2026-09-01 18:30:39.873 INFO: Epoch 3: batch 208/208 (100.0%), loss=1.01174653, step_time=0.054s
2026-09-01 18:30:40.280 INFO: Epoch 3: head: Default, loss=0.35588765, RMSE_E_per_atom=  322.12 meV, RMSE_F=   50.21 meV / A
2026-09-01 18:30:52.618 INFO: Epoch 4: batch 208/208 (100.0%), loss=3.57271695, step_time=0.054s
2026-09-01 18:30:53.022 INFO: Epoch 4: head: Default, loss=0.27699071, RMSE_E_per_atom=  285.77 meV, RMSE_F=   44.20 meV / A
2026-09-01 18:31:05.450 INFO: Epoch 5: batch 208/208 (100.0%), loss=5.40247107, step_time=0.054s
2026-09-01 18:31:05.855 INFO: Epoch 5: head: Default, loss=0.27063525, RMSE_E_per_atom=  261.23 meV, RMSE_F=   44.99 meV / A
2026-09-01 18:31:18.192 INFO: Epoch 6: batch 208/208 (100.0%), loss=1.64010525, step_time=0.054s
2026-09-01 18:31:18.600 INFO: Epoch 6: head: Default, loss=0.26462829, RMSE_E_per_atom=  226.65 meV, RMSE_F=   46.18 meV / A
2026-09-01 18:31:30.964 INFO: Epoch 7: batch 208/208 (100.0%), loss=10.02812195, step_time=0.054s
2026-09-01 18:31:31.370 INFO: Epoch 7: head: Default, loss=0.22083044, RMSE_E_per_atom=  193.95 meV, RMSE_F=   42.80 meV / A
2026-09-01 18:31:43.727 INFO: Epoch 8: batch 208/208 (100.0%), loss=9.07691956, step_time=0.054s
2026-09-01 18:31:44.139 INFO: Epoch 8: head: Default, loss=0.17417867, RMSE_E_per_atom=  159.93 meV, RMSE_F=   38.55 meV / A
2026-09-01 18:31:56.474 INFO: Epoch 9: batch 208/208 (100.0%), loss=1.69788337, step_time=0.054s
2026-09-01 18:31:56.885 INFO: Epoch 9: head: Default, loss=0.16792126, RMSE_E_per_atom=  148.21 meV, RMSE_F=   38.20 meV / A
2026-09-01 18:32:09.231 INFO: Epoch 10: batch 208/208 (100.0%), loss=8.63738441, step_time=0.055s
2026-09-01 18:32:09.652 INFO: Epoch 10: head: Default, loss=0.15683983, RMSE_E_per_atom=  131.34 meV, RMSE_F=   37.36 meV / A
2026-09-01 18:32:21.994 INFO: Epoch 11: batch 208/208 (100.0%), loss=20.35423660, step_time=0.054s
2026-09-01 18:32:22.409 INFO: Epoch 11: head: Default, loss=0.16126204, RMSE_E_per_atom=  124.55 meV, RMSE_F=   38.18 meV / A
2026-09-01 18:32:34.715 INFO: Epoch 12: batch 208/208 (100.0%), loss=2.45280170, step_time=0.054s
2026-09-01 18:32:35.115 INFO: Epoch 12: head: Default, loss=0.15169001, RMSE_E_per_atom=  114.87 meV, RMSE_F=   37.22 meV / A
2026-09-01 18:32:47.444 INFO: Epoch 13: batch 208/208 (100.0%), loss=2.73507547, step_time=0.054s
2026-09-01 18:32:47.866 INFO: Epoch 13: head: Default, loss=0.14180459, RMSE_E_per_atom=  118.11 meV, RMSE_F=   35.76 meV / A
2026-09-01 18:33:00.224 INFO: Epoch 14: batch 208/208 (100.0%), loss=0.58624512, step_time=0.054s
2026-09-01 18:33:00.631 INFO: Epoch 14: head: Default, loss=0.14136438, RMSE_E_per_atom=  113.31 meV, RMSE_F=   35.85 meV / A
2026-09-01 18:33:13.020 INFO: Epoch 15: batch 208/208 (100.0%), loss=3.77298617, step_time=0.054s
2026-09-01 18:33:13.412 INFO: Epoch 15: head: Default, loss=0.14150514, RMSE_E_per_atom=  104.71 meV, RMSE_F=   36.13 meV / A
2026-09-01 18:33:25.731 INFO: Epoch 16: batch 208/208 (100.0%), loss=0.51311040, step_time=0.054s
2026-09-01 18:33:26.134 INFO: Epoch 16: head: Default, loss=0.13679999, RMSE_E_per_atom=   85.14 meV, RMSE_F=   35.99 meV / A
2026-09-01 18:33:38.523 INFO: Epoch 17: batch 208/208 (100.0%), loss=5.54111433, step_time=0.054s
2026-09-01 18:33:38.930 INFO: Epoch 17: head: Default, loss=0.13055120, RMSE_E_per_atom=   79.05 meV, RMSE_F=   35.26 meV / A
2026-09-01 18:33:51.215 INFO: Epoch 18: batch 208/208 (100.0%), loss=2.46552181, step_time=0.054s
2026-09-01 18:33:51.631 INFO: Epoch 18: head: Default, loss=0.12627043, RMSE_E_per_atom=   80.32 meV, RMSE_F=   34.62 meV / A
2026-09-01 18:34:03.948 INFO: Epoch 19: batch 208/208 (100.0%), loss=5.75194073, step_time=0.054s
2026-09-01 18:34:04.351 INFO: Epoch 19: head: Default, loss=0.12658431, RMSE_E_per_atom=   76.90 meV, RMSE_F=   34.74 meV / A
2026-09-01 18:34:16.641 INFO: Epoch 20: batch 208/208 (100.0%), loss=10.98234653, step_time=0.054s
2026-09-01 18:34:17.049 INFO: Epoch 20: head: Default, loss=0.12409940, RMSE_E_per_atom=   74.00 meV, RMSE_F=   34.44 meV / A
2026-09-01 18:34:29.398 INFO: Epoch 21: batch 208/208 (100.0%), loss=2.05075622, step_time=0.054s
2026-09-01 18:34:29.811 INFO: Epoch 21: head: Default, loss=0.12220697, RMSE_E_per_atom=   65.25 meV, RMSE_F=   34.34 meV / A
2026-09-01 18:34:42.134 INFO: Epoch 22: batch 208/208 (100.0%), loss=5.57925081, step_time=0.054s
2026-09-01 18:34:42.530 INFO: Epoch 22: head: Default, loss=0.11646401, RMSE_E_per_atom=   62.44 meV, RMSE_F=   33.55 meV / A
2026-09-01 18:34:54.797 INFO: Epoch 23: batch 208/208 (100.0%), loss=1.77109253, step_time=0.054s
2026-09-01 18:34:55.203 INFO: Epoch 23: head: Default, loss=0.11542738, RMSE_E_per_atom=   62.60 meV, RMSE_F=   33.39 meV / A
2026-09-01 18:35:07.486 INFO: Epoch 24: batch 208/208 (100.0%), loss=2.55153584, step_time=0.053s
2026-09-01 18:35:07.889 INFO: Epoch 24: head: Default, loss=0.11039471, RMSE_E_per_atom=   53.61 meV, RMSE_F=   32.79 meV / A
2026-09-01 18:35:20.218 INFO: Epoch 25: batch 208/208 (100.0%), loss=4.92996168, step_time=0.054s
2026-09-01 18:35:20.624 INFO: Epoch 25: head: Default, loss=0.10660451, RMSE_E_per_atom=   51.01 meV, RMSE_F=   32.25 meV / A
2026-09-01 18:35:32.921 INFO: Epoch 26: batch 208/208 (100.0%), loss=2.96024299, step_time=0.054s
2026-09-01 18:35:33.331 INFO: Epoch 26: head: Default, loss=0.10755496, RMSE_E_per_atom=   50.02 meV, RMSE_F=   32.41 meV / A
2026-09-01 18:35:45.695 INFO: Epoch 27: batch 208/208 (100.0%), loss=0.73811477, step_time=0.054s
2026-09-01 18:35:46.113 INFO: Epoch 27: head: Default, loss=0.11130852, RMSE_E_per_atom=   60.15 meV, RMSE_F=   32.82 meV / A
2026-09-01 18:35:58.398 INFO: Epoch 28: batch 208/208 (100.0%), loss=0.37742108, step_time=0.054s
2026-09-01 18:35:58.803 INFO: Epoch 28: head: Default, loss=0.10904556, RMSE_E_per_atom=   53.26 meV, RMSE_F=   32.59 meV / A
2026-09-01 18:36:11.122 INFO: Epoch 29: batch 208/208 (100.0%), loss=2.30088162, step_time=0.054s
2026-09-01 18:36:11.540 INFO: Epoch 29: head: Default, loss=0.10963023, RMSE_E_per_atom=   53.49 meV, RMSE_F=   32.68 meV / A
2026-09-01 18:36:23.798 INFO: Epoch 30: batch 208/208 (100.0%), loss=0.69155979, step_time=0.054s
2026-09-01 18:36:24.210 INFO: Epoch 30: head: Default, loss=0.10952986, RMSE_E_per_atom=   54.69 meV, RMSE_F=   32.64 meV / A
2026-09-01 18:36:36.486 INFO: Epoch 31: batch 208/208 (100.0%), loss=4.65003729, step_time=0.054s
2026-09-01 18:36:36.895 INFO: Epoch 31: head: Default, loss=0.11126189, RMSE_E_per_atom=   54.83 meV, RMSE_F=   32.90 meV / A
2026-09-01 18:36:49.250 INFO: Epoch 32: batch 208/208 (100.0%), loss=2.90729856, step_time=0.054s
2026-09-01 18:36:49.647 INFO: Epoch 32: head: Default, loss=0.10979912, RMSE_E_per_atom=   51.73 meV, RMSE_F=   32.73 meV / A
2026-09-01 18:37:01.945 INFO: Epoch 33: batch 208/208 (100.0%), loss=1.16615736, step_time=0.054s
2026-09-01 18:37:02.354 INFO: Epoch 33: head: Default, loss=0.10813956, RMSE_E_per_atom=   48.82 meV, RMSE_F=   32.52 meV / A
2026-09-01 18:37:14.585 INFO: Epoch 34: batch 208/208 (100.0%), loss=3.91600466, step_time=0.054s
2026-09-01 18:37:14.987 INFO: Epoch 34: head: Default, loss=0.10698381, RMSE_E_per_atom=   45.07 meV, RMSE_F=   32.40 meV / A
2026-09-01 18:37:27.297 INFO: Epoch 35: batch 208/208 (100.0%), loss=1.88213229, step_time=0.054s
2026-09-01 18:37:27.700 INFO: Epoch 35: head: Default, loss=0.10725572, RMSE_E_per_atom=   46.05 meV, RMSE_F=   32.42 meV / A
2026-09-01 18:37:40.008 INFO: Epoch 36: batch 208/208 (100.0%), loss=1.70176625, step_time=0.054s
2026-09-01 18:37:40.407 INFO: Epoch 36: head: Default, loss=0.10600478, RMSE_E_per_atom=   46.45 meV, RMSE_F=   32.23 meV / A
2026-09-01 18:37:52.799 INFO: Epoch 37: batch 208/208 (100.0%), loss=3.10354805, step_time=0.054s
2026-09-01 18:37:53.215 INFO: Epoch 37: head: Default, loss=0.10697796, RMSE_E_per_atom=   45.49 meV, RMSE_F=   32.39 meV / A
2026-09-01 18:38:05.459 INFO: Epoch 38: batch 208/208 (100.0%), loss=3.13011003, step_time=0.054s
2026-09-01 18:38:05.854 INFO: Epoch 38: head: Default, loss=0.10757954, RMSE_E_per_atom=   47.63 meV, RMSE_F=   32.45 meV / A
2026-09-01 18:38:18.203 INFO: Epoch 39: batch 208/208 (100.0%), loss=4.23375130, step_time=0.054s
2026-09-01 18:38:18.615 INFO: Epoch 39: head: Default, loss=0.10843448, RMSE_E_per_atom=   48.71 meV, RMSE_F=   32.57 meV / A
2026-09-01 18:38:30.946 INFO: Epoch 40: batch 208/208 (100.0%), loss=1.59191561, step_time=0.055s
2026-09-01 18:38:31.347 INFO: Epoch 40: head: Default, loss=0.10935817, RMSE_E_per_atom=   45.45 meV, RMSE_F=   32.76 meV / A
2026-09-01 18:38:43.662 INFO: Epoch 41: batch 208/208 (100.0%), loss=0.31651759, step_time=0.054s
2026-09-01 18:38:44.063 INFO: Epoch 41: head: Default, loss=0.11045545, RMSE_E_per_atom=   45.20 meV, RMSE_F=   32.93 meV / A
2026-09-01 18:38:56.356 INFO: Epoch 42: batch 208/208 (100.0%), loss=1.18658078, step_time=0.054s
2026-09-01 18:38:56.773 INFO: Epoch 42: head: Default, loss=0.11020315, RMSE_E_per_atom=   44.59 meV, RMSE_F=   32.90 meV / A
2026-09-01 18:39:09.039 INFO: Epoch 43: batch 208/208 (100.0%), loss=2.13527179, step_time=0.054s
2026-09-01 18:39:09.457 INFO: Epoch 43: head: Default, loss=0.10822714, RMSE_E_per_atom=   48.43 meV, RMSE_F=   32.54 meV / A
2026-09-01 18:39:21.747 INFO: Epoch 44: batch 208/208 (100.0%), loss=0.64340049, step_time=0.054s
2026-09-01 18:39:22.163 INFO: Epoch 44: head: Default, loss=0.10750916, RMSE_E_per_atom=   47.12 meV, RMSE_F=   32.45 meV / A
2026-09-01 18:39:34.399 INFO: Epoch 45: batch 208/208 (100.0%), loss=3.02629447, step_time=0.054s
2026-09-01 18:39:34.804 INFO: Epoch 45: head: Default, loss=0.10882571, RMSE_E_per_atom=   47.25 meV, RMSE_F=   32.65 meV / A
2026-09-01 18:39:47.091 INFO: Epoch 46: batch 208/208 (100.0%), loss=8.06674480, step_time=0.055s
2026-09-01 18:39:47.491 INFO: Epoch 46: head: Default, loss=0.10969858, RMSE_E_per_atom=   46.36 meV, RMSE_F=   32.79 meV / A
2026-09-01 18:39:59.789 INFO: Epoch 47: batch 208/208 (100.0%), loss=2.87418318, step_time=0.054s
2026-09-01 18:40:00.199 INFO: Epoch 47: head: Default, loss=0.10855483, RMSE_E_per_atom=   45.17 meV, RMSE_F=   32.64 meV / A
2026-09-01 18:40:12.501 INFO: Epoch 48: batch 208/208 (100.0%), loss=3.97639704, step_time=0.055s
2026-09-01 18:40:12.903 INFO: Epoch 48: head: Default, loss=0.10772055, RMSE_E_per_atom=   44.36 meV, RMSE_F=   32.52 meV / A
2026-09-01 18:40:25.132 INFO: Epoch 49: batch 208/208 (100.0%), loss=0.39194682, step_time=0.054s
2026-09-01 18:40:25.547 INFO: Epoch 49: head: Default, loss=0.10895482, RMSE_E_per_atom=   44.73 meV, RMSE_F=   32.70 meV / A
2026-09-01 18:40:37.766 INFO: Epoch 50: batch 208/208 (100.0%), loss=0.32737720, step_time=0.054s
2026-09-01 18:40:38.168 INFO: Epoch 50: head: Default, loss=0.10976228, RMSE_E_per_atom=   42.76 meV, RMSE_F=   32.85 meV / A
2026-09-01 18:40:50.465 INFO: Epoch 51: batch 208/208 (100.0%), loss=3.93890333, step_time=0.054s
2026-09-01 18:40:50.872 INFO: Epoch 51: head: Default, loss=0.11071946, RMSE_E_per_atom=   40.95 meV, RMSE_F=   33.02 meV / A
2026-09-01 18:41:03.144 INFO: Epoch 52: batch 208/208 (100.0%), loss=0.21096145, step_time=0.054s
2026-09-01 18:41:03.568 INFO: Epoch 52: head: Default, loss=0.11231122, RMSE_E_per_atom=   41.64 meV, RMSE_F=   33.25 meV / A
2026-09-01 18:41:15.925 INFO: Epoch 53: batch 208/208 (100.0%), loss=2.50074840, step_time=0.059s
2026-09-01 18:41:16.366 INFO: Epoch 53: head: Default, loss=0.11290009, RMSE_E_per_atom=   41.53 meV, RMSE_F=   33.34 meV / A
2026-09-01 18:41:28.808 INFO: Epoch 54: batch 208/208 (100.0%), loss=0.23962507, step_time=0.054s
2026-09-01 18:41:29.219 INFO: Epoch 54: head: Default, loss=0.11366987, RMSE_E_per_atom=   42.24 meV, RMSE_F=   33.45 meV / A
2026-09-01 18:41:41.496 INFO: Epoch 55: batch 208/208 (100.0%), loss=0.18466280, step_time=0.054s
2026-09-01 18:41:41.900 INFO: Epoch 55: head: Default, loss=0.11372823, RMSE_E_per_atom=   41.87 meV, RMSE_F=   33.46 meV / A
2026-09-01 18:41:54.205 INFO: Epoch 56: batch 208/208 (100.0%), loss=5.50796223, step_time=0.054s
2026-09-01 18:41:54.605 INFO: Epoch 56: head: Default, loss=0.11463701, RMSE_E_per_atom=   43.19 meV, RMSE_F=   33.58 meV / A
2026-09-01 18:42:06.837 INFO: Epoch 57: batch 208/208 (100.0%), loss=1.07460392, step_time=0.054s
2026-09-01 18:42:07.247 INFO: Epoch 57: head: Default, loss=0.11512364, RMSE_E_per_atom=   43.52 meV, RMSE_F=   33.65 meV / A
2026-09-01 18:42:19.543 INFO: Epoch 58: batch 208/208 (100.0%), loss=0.39612663, step_time=0.054s
2026-09-01 18:42:19.961 INFO: Epoch 58: head: Default, loss=0.11674092, RMSE_E_per_atom=   43.06 meV, RMSE_F=   33.89 meV / A
2026-09-01 18:42:32.183 INFO: Epoch 59: batch 208/208 (100.0%), loss=1.32998967, step_time=0.054s
2026-09-01 18:42:32.590 INFO: Epoch 59: head: Default, loss=0.11677196, RMSE_E_per_atom=   44.58 meV, RMSE_F=   33.88 meV / A
2026-09-01 18:42:44.864 INFO: Epoch 60: batch 208/208 (100.0%), loss=3.08850002, step_time=0.054s
2026-09-01 18:42:45.277 INFO: Epoch 60: head: Default, loss=0.11684403, RMSE_E_per_atom=   44.94 meV, RMSE_F=   33.89 meV / A
2026-09-01 18:42:57.612 INFO: Epoch 61: batch 208/208 (100.0%), loss=1.61479604, step_time=0.054s
2026-09-01 18:42:58.019 INFO: Epoch 61: head: Default, loss=0.11692203, RMSE_E_per_atom=   43.18 meV, RMSE_F=   33.92 meV / A
2026-09-01 18:43:10.325 INFO: Epoch 62: batch 208/208 (100.0%), loss=1.50857317, step_time=0.054s
2026-09-01 18:43:10.744 INFO: Epoch 62: head: Default, loss=0.11747902, RMSE_E_per_atom=   43.07 meV, RMSE_F=   34.00 meV / A
2026-09-01 18:43:23.100 INFO: Epoch 63: batch 208/208 (100.0%), loss=3.47111249, step_time=0.054s
2026-09-01 18:43:23.506 INFO: Epoch 63: head: Default, loss=0.11809759, RMSE_E_per_atom=   42.10 meV, RMSE_F=   34.11 meV / A
2026-09-01 18:43:35.795 INFO: Epoch 64: batch 208/208 (100.0%), loss=1.57997239, step_time=0.054s
2026-09-01 18:43:36.204 INFO: Epoch 64: head: Default, loss=0.11845054, RMSE_E_per_atom=   40.74 meV, RMSE_F=   34.17 meV / A
2026-09-01 18:43:48.627 INFO: Epoch 65: batch 208/208 (100.0%), loss=1.51525819, step_time=0.055s
2026-09-01 18:43:49.037 INFO: Epoch 65: head: Default, loss=0.11856330, RMSE_E_per_atom=   40.21 meV, RMSE_F=   34.20 meV / A
2026-09-01 18:44:01.378 INFO: Epoch 66: batch 208/208 (100.0%), loss=3.19751978, step_time=0.056s
2026-09-01 18:44:02.104 INFO: Epoch 66: head: Default, loss=0.11821412, RMSE_E_per_atom=   40.76 meV, RMSE_F=   34.14 meV / A
2026-09-01 18:44:14.426 INFO: Epoch 67: batch 208/208 (100.0%), loss=1.58926153, step_time=0.054s
2026-09-01 18:44:14.831 INFO: Epoch 67: head: Default, loss=0.11751638, RMSE_E_per_atom=   39.63 meV, RMSE_F=   34.05 meV / A
2026-09-01 18:44:27.176 INFO: Epoch 68: batch 208/208 (100.0%), loss=0.48566759, step_time=0.054s
2026-09-01 18:44:27.594 INFO: Epoch 68: head: Default, loss=0.11717506, RMSE_E_per_atom=   39.49 meV, RMSE_F=   34.00 meV / A
2026-09-01 18:44:39.936 INFO: Epoch 69: batch 208/208 (100.0%), loss=0.50901341, step_time=0.054s
2026-09-01 18:44:40.348 INFO: Epoch 69: head: Default, loss=0.11700694, RMSE_E_per_atom=   39.20 meV, RMSE_F=   33.98 meV / A
2026-09-01 18:44:52.700 INFO: Epoch 70: batch 208/208 (100.0%), loss=1.80272710, step_time=0.055s
2026-09-01 18:44:53.105 INFO: Epoch 70: head: Default, loss=0.11664924, RMSE_E_per_atom=   39.69 meV, RMSE_F=   33.92 meV / A
2026-09-01 18:45:05.452 INFO: Epoch 71: batch 208/208 (100.0%), loss=0.33118293, step_time=0.054s
2026-09-01 18:45:05.851 INFO: Epoch 71: head: Default, loss=0.11652993, RMSE_E_per_atom=   40.30 meV, RMSE_F=   33.90 meV / A
2026-09-01 18:45:18.166 INFO: Epoch 72: batch 208/208 (100.0%), loss=1.88037264, step_time=0.054s
2026-09-01 18:45:18.572 INFO: Epoch 72: head: Default, loss=0.11671411, RMSE_E_per_atom=   40.04 meV, RMSE_F=   33.93 meV / A
2026-09-01 18:45:30.874 INFO: Epoch 73: batch 208/208 (100.0%), loss=1.02546227, step_time=0.054s
2026-09-01 18:45:31.288 INFO: Epoch 73: head: Default, loss=0.11691026, RMSE_E_per_atom=   39.48 meV, RMSE_F=   33.96 meV / A
2026-09-01 18:45:43.665 INFO: Epoch 74: batch 208/208 (100.0%), loss=0.71966451, step_time=0.054s
2026-09-01 18:45:44.074 INFO: Epoch 74: head: Default, loss=0.11696961, RMSE_E_per_atom=   39.05 meV, RMSE_F=   33.98 meV / A
2026-09-01 18:45:56.504 INFO: Epoch 75: batch 208/208 (100.0%), loss=1.34660232, step_time=0.055s
2026-09-01 18:45:56.911 INFO: Epoch 75: head: Default, loss=0.11736653, RMSE_E_per_atom=   36.98 meV, RMSE_F=   34.06 meV / A
2026-09-01 18:46:09.286 INFO: Epoch 76: batch 208/208 (100.0%), loss=1.96864176, step_time=0.054s
2026-09-01 18:46:09.703 INFO: Epoch 76: head: Default, loss=0.11807216, RMSE_E_per_atom=   36.47 meV, RMSE_F=   34.17 meV / A
2026-09-01 18:46:22.068 INFO: Epoch 77: batch 208/208 (100.0%), loss=0.48017797, step_time=0.054s
2026-09-01 18:46:22.470 INFO: Epoch 77: head: Default, loss=0.11855121, RMSE_E_per_atom=   35.80 meV, RMSE_F=   34.24 meV / A
2026-09-01 18:46:34.909 INFO: Epoch 78: batch 208/208 (100.0%), loss=0.87538612, step_time=0.055s
2026-09-01 18:46:35.318 INFO: Epoch 78: head: Default, loss=0.11749478, RMSE_E_per_atom=   35.89 meV, RMSE_F=   34.09 meV / A
2026-09-01 18:46:47.605 INFO: Epoch 79: batch 208/208 (100.0%), loss=1.33297145, step_time=0.054s
2026-09-01 18:46:48.011 INFO: Epoch 79: head: Default, loss=0.11736202, RMSE_E_per_atom=   35.08 meV, RMSE_F=   34.08 meV / A
2026-09-01 18:47:00.364 INFO: Epoch 80: batch 208/208 (100.0%), loss=0.20104890, step_time=0.054s
2026-09-01 18:47:00.773 INFO: Epoch 80: head: Default, loss=0.11779375, RMSE_E_per_atom=   34.67 meV, RMSE_F=   34.15 meV / A
2026-09-01 18:47:13.131 INFO: Epoch 81: batch 208/208 (100.0%), loss=0.18001309, step_time=0.054s
2026-09-01 18:47:13.866 INFO: Epoch 81: head: Default, loss=0.11787307, RMSE_E_per_atom=   34.81 meV, RMSE_F=   34.16 meV / A
2026-09-01 18:47:26.252 INFO: Epoch 82: batch 208/208 (100.0%), loss=0.11538640, step_time=0.054s
2026-09-01 18:47:26.662 INFO: Epoch 82: head: Default, loss=0.11819753, RMSE_E_per_atom=   34.82 meV, RMSE_F=   34.20 meV / A
2026-09-01 18:47:39.042 INFO: Epoch 83: batch 208/208 (100.0%), loss=1.13924170, step_time=0.054s
2026-09-01 18:47:39.449 INFO: Epoch 83: head: Default, loss=0.11847277, RMSE_E_per_atom=   35.22 meV, RMSE_F=   34.24 meV / A
2026-09-01 18:47:51.858 INFO: Epoch 84: batch 208/208 (100.0%), loss=2.17494440, step_time=0.054s
2026-09-01 18:47:52.264 INFO: Epoch 84: head: Default, loss=0.11898761, RMSE_E_per_atom=   34.38 meV, RMSE_F=   34.32 meV / A
2026-09-01 18:48:04.575 INFO: Epoch 85: batch 208/208 (100.0%), loss=1.03054631, step_time=0.054s
2026-09-01 18:48:04.984 INFO: Epoch 85: head: Default, loss=0.11852000, RMSE_E_per_atom=   34.03 meV, RMSE_F=   34.26 meV / A
2026-09-01 18:48:17.385 INFO: Epoch 86: batch 208/208 (100.0%), loss=0.15091723, step_time=0.055s
2026-09-01 18:48:17.802 INFO: Epoch 86: head: Default, loss=0.11875021, RMSE_E_per_atom=   34.01 meV, RMSE_F=   34.29 meV / A
2026-09-01 18:48:30.213 INFO: Epoch 87: batch 208/208 (100.0%), loss=0.83094150, step_time=0.054s
2026-09-01 18:48:30.631 INFO: Epoch 87: head: Default, loss=0.11876637, RMSE_E_per_atom=   33.51 meV, RMSE_F=   34.30 meV / A
2026-09-01 18:48:43.048 INFO: Epoch 88: batch 208/208 (100.0%), loss=0.57428885, step_time=0.056s
2026-09-01 18:48:43.455 INFO: Epoch 88: head: Default, loss=0.11869656, RMSE_E_per_atom=   33.74 meV, RMSE_F=   34.29 meV / A
2026-09-01 18:48:55.825 INFO: Epoch 89: batch 208/208 (100.0%), loss=0.55747050, step_time=0.054s
2026-09-01 18:48:56.226 INFO: Epoch 89: head: Default, loss=0.11871780, RMSE_E_per_atom=   33.04 meV, RMSE_F=   34.30 meV / A
2026-09-01 18:49:08.587 INFO: Epoch 90: batch 208/208 (100.0%), loss=0.10300057, step_time=0.054s
2026-09-01 18:49:09.004 INFO: Epoch 90: head: Default, loss=0.11879800, RMSE_E_per_atom=   32.08 meV, RMSE_F=   34.32 meV / A
2026-09-01 18:49:21.351 INFO: Epoch 91: batch 208/208 (100.0%), loss=1.05190849, step_time=0.054s
2026-09-01 18:49:21.768 INFO: Epoch 91: head: Default, loss=0.11894496, RMSE_E_per_atom=   31.15 meV, RMSE_F=   34.35 meV / A
2026-09-01 18:49:34.071 INFO: Epoch 92: batch 208/208 (100.0%), loss=0.82110888, step_time=0.054s
2026-09-01 18:49:34.477 INFO: Epoch 92: head: Default, loss=0.11908644, RMSE_E_per_atom=   30.61 meV, RMSE_F=   34.37 meV / A
2026-09-01 18:49:46.797 INFO: Epoch 93: batch 208/208 (100.0%), loss=11.22312164, step_time=0.054s
2026-09-01 18:49:47.213 INFO: Epoch 93: head: Default, loss=0.11885608, RMSE_E_per_atom=   29.75 meV, RMSE_F=   34.35 meV / A
2026-09-01 18:49:59.607 INFO: Epoch 94: batch 208/208 (100.0%), loss=0.31674114, step_time=0.055s
2026-09-01 18:50:00.022 INFO: Epoch 94: head: Default, loss=0.11915491, RMSE_E_per_atom=   28.78 meV, RMSE_F=   34.40 meV / A
2026-09-01 18:50:12.346 INFO: Epoch 95: batch 208/208 (100.0%), loss=0.15604100, step_time=0.054s
2026-09-01 18:50:12.766 INFO: Epoch 95: head: Default, loss=0.11958342, RMSE_E_per_atom=   27.72 meV, RMSE_F=   34.47 meV / A
2026-09-01 18:50:25.112 INFO: Epoch 96: batch 208/208 (100.0%), loss=0.32128221, step_time=0.054s
2026-09-01 18:50:25.524 INFO: Epoch 96: head: Default, loss=0.11992957, RMSE_E_per_atom=   27.43 meV, RMSE_F=   34.52 meV / A
2026-09-01 18:50:37.901 INFO: Epoch 97: batch 208/208 (100.0%), loss=0.43205500, step_time=0.055s
2026-09-01 18:50:38.310 INFO: Epoch 97: head: Default, loss=0.12006697, RMSE_E_per_atom=   26.94 meV, RMSE_F=   34.55 meV / A
2026-09-01 18:50:50.662 INFO: Epoch 98: batch 208/208 (100.0%), loss=0.76635629, step_time=0.054s
2026-09-01 18:50:51.085 INFO: Epoch 98: head: Default, loss=0.12006395, RMSE_E_per_atom=   27.31 meV, RMSE_F=   34.54 meV / A
2026-09-01 18:51:03.402 INFO: Epoch 99: batch 208/208 (100.0%), loss=1.21376181, step_time=0.055s
2026-09-01 18:51:03.814 INFO: Epoch 99: head: Default, loss=0.12057095, RMSE_E_per_atom=   27.37 meV, RMSE_F=   34.62 meV / A
2026-09-01 18:51:16.190 INFO: Epoch 100: batch 208/208 (100.0%), loss=0.29935548, step_time=0.054s
2026-09-01 18:51:16.604 INFO: Epoch 100: head: Default, loss=0.12044180, RMSE_E_per_atom=   26.63 meV, RMSE_F=   34.60 meV / A
2026-09-01 18:51:28.988 INFO: Epoch 101: batch 208/208 (100.0%), loss=0.56924659, step_time=0.054s
2026-09-01 18:51:29.395 INFO: Epoch 101: head: Default, loss=0.12031672, RMSE_E_per_atom=   26.04 meV, RMSE_F=   34.59 meV / A
2026-09-01 18:51:41.785 INFO: Epoch 102: batch 208/208 (100.0%), loss=0.41123661, step_time=0.055s
2026-09-01 18:51:42.204 INFO: Epoch 102: head: Default, loss=0.11994586, RMSE_E_per_atom=   25.58 meV, RMSE_F=   34.54 meV / A
2026-09-01 18:51:54.572 INFO: Epoch 103: batch 208/208 (100.0%), loss=0.20969638, step_time=0.055s
2026-09-01 18:51:54.983 INFO: Epoch 103: head: Default, loss=0.11994533, RMSE_E_per_atom=   25.26 meV, RMSE_F=   34.54 meV / A
2026-09-01 18:52:07.305 INFO: Epoch 104: batch 208/208 (100.0%), loss=0.80911458, step_time=0.054s
2026-09-01 18:52:07.721 INFO: Epoch 104: head: Default, loss=0.11992521, RMSE_E_per_atom=   24.87 meV, RMSE_F=   34.54 meV / A
2026-09-01 18:52:20.096 INFO: Epoch 105: batch 208/208 (100.0%), loss=0.36000803, step_time=0.054s
2026-09-01 18:52:20.506 INFO: Epoch 105: head: Default, loss=0.12008960, RMSE_E_per_atom=   24.79 meV, RMSE_F=   34.57 meV / A
2026-09-01 18:52:32.867 INFO: Epoch 106: batch 208/208 (100.0%), loss=0.60820770, step_time=0.054s
2026-09-01 18:52:33.283 INFO: Epoch 106: head: Default, loss=0.12004201, RMSE_E_per_atom=   24.58 meV, RMSE_F=   34.56 meV / A
2026-09-01 18:52:45.643 INFO: Epoch 107: batch 208/208 (100.0%), loss=1.02257860, step_time=0.055s
2026-09-01 18:52:46.047 INFO: Epoch 107: head: Default, loss=0.12050087, RMSE_E_per_atom=   23.94 meV, RMSE_F=   34.63 meV / A
2026-09-01 18:52:58.358 INFO: Epoch 108: batch 208/208 (100.0%), loss=0.39370045, step_time=0.054s
2026-09-01 18:52:58.773 INFO: Epoch 108: head: Default, loss=0.12062249, RMSE_E_per_atom=   23.61 meV, RMSE_F=   34.65 meV / A
2026-09-01 18:53:11.061 INFO: Epoch 109: batch 208/208 (100.0%), loss=0.41621405, step_time=0.054s
2026-09-01 18:53:11.464 INFO: Epoch 109: head: Default, loss=0.12029435, RMSE_E_per_atom=   23.22 meV, RMSE_F=   34.61 meV / A
2026-09-01 18:53:23.766 INFO: Epoch 110: batch 208/208 (100.0%), loss=0.30854756, step_time=0.054s
2026-09-01 18:53:24.184 INFO: Epoch 110: head: Default, loss=0.12008143, RMSE_E_per_atom=   22.49 meV, RMSE_F=   34.58 meV / A
2026-09-01 18:53:36.490 INFO: Epoch 111: batch 208/208 (100.0%), loss=17.61591721, step_time=0.054s
2026-09-01 18:53:36.911 INFO: Epoch 111: head: Default, loss=0.12007871, RMSE_E_per_atom=   22.16 meV, RMSE_F=   34.58 meV / A
2026-09-01 18:53:49.271 INFO: Epoch 112: batch 208/208 (100.0%), loss=0.13235885, step_time=0.055s
2026-09-01 18:53:49.673 INFO: Epoch 112: head: Default, loss=0.12045860, RMSE_E_per_atom=   21.51 meV, RMSE_F=   34.64 meV / A
2026-09-01 18:54:01.958 INFO: Epoch 113: batch 208/208 (100.0%), loss=0.50866729, step_time=0.055s
2026-09-01 18:54:02.377 INFO: Epoch 113: head: Default, loss=0.12057206, RMSE_E_per_atom=   20.80 meV, RMSE_F=   34.66 meV / A
2026-09-01 18:54:14.724 INFO: Epoch 114: batch 208/208 (100.0%), loss=0.49584296, step_time=0.055s
2026-09-01 18:54:15.144 INFO: Epoch 114: head: Default, loss=0.12043759, RMSE_E_per_atom=   20.63 meV, RMSE_F=   34.64 meV / A
2026-09-01 18:54:27.482 INFO: Epoch 115: batch 208/208 (100.0%), loss=0.11625022, step_time=0.054s
2026-09-01 18:54:27.898 INFO: Epoch 115: head: Default, loss=0.12034517, RMSE_E_per_atom=   20.99 meV, RMSE_F=   34.63 meV / A
2026-09-01 18:54:40.254 INFO: Epoch 116: batch 208/208 (100.0%), loss=0.41169247, step_time=0.055s
2026-09-01 18:54:40.661 INFO: Epoch 116: head: Default, loss=0.12075979, RMSE_E_per_atom=   21.40 meV, RMSE_F=   34.68 meV / A
2026-09-01 18:54:53.006 INFO: Epoch 117: batch 208/208 (100.0%), loss=0.79250610, step_time=0.054s
2026-09-01 18:54:53.422 INFO: Epoch 117: head: Default, loss=0.12079091, RMSE_E_per_atom=   21.65 meV, RMSE_F=   34.69 meV / A
2026-09-01 18:55:05.775 INFO: Epoch 118: batch 208/208 (100.0%), loss=0.48994514, step_time=0.054s
2026-09-01 18:55:06.185 INFO: Epoch 118: head: Default, loss=0.12120431, RMSE_E_per_atom=   21.32 meV, RMSE_F=   34.75 meV / A
2026-09-01 18:55:18.487 INFO: Epoch 119: batch 208/208 (100.0%), loss=0.34650791, step_time=0.054s
2026-09-01 18:55:18.909 INFO: Epoch 119: head: Default, loss=0.12148003, RMSE_E_per_atom=   21.17 meV, RMSE_F=   34.79 meV / A
2026-09-01 18:55:31.244 INFO: Epoch 120: batch 208/208 (100.0%), loss=0.15220039, step_time=0.054s
2026-09-01 18:55:31.659 INFO: Epoch 120: head: Default, loss=0.12119436, RMSE_E_per_atom=   20.86 meV, RMSE_F=   34.75 meV / A
2026-09-01 18:55:43.994 INFO: Epoch 121: batch 208/208 (100.0%), loss=0.09676958, step_time=0.055s
2026-09-01 18:55:44.401 INFO: Epoch 121: head: Default, loss=0.12101011, RMSE_E_per_atom=   20.63 meV, RMSE_F=   34.73 meV / A
2026-09-01 18:55:56.695 INFO: Epoch 122: batch 208/208 (100.0%), loss=0.44832543, step_time=0.054s
2026-09-01 18:55:57.108 INFO: Epoch 122: head: Default, loss=0.12079187, RMSE_E_per_atom=   20.75 meV, RMSE_F=   34.69 meV / A
2026-09-01 18:56:09.449 INFO: Epoch 123: batch 208/208 (100.0%), loss=0.13774733, step_time=0.055s
2026-09-01 18:56:09.854 INFO: Epoch 123: head: Default, loss=0.12088299, RMSE_E_per_atom=   20.49 meV, RMSE_F=   34.71 meV / A
2026-09-01 18:56:22.190 INFO: Epoch 124: batch 208/208 (100.0%), loss=0.10620812, step_time=0.054s
2026-09-01 18:56:22.607 INFO: Epoch 124: head: Default, loss=0.12106459, RMSE_E_per_atom=   20.67 meV, RMSE_F=   34.73 meV / A
2026-09-01 18:56:34.945 INFO: Epoch 125: batch 208/208 (100.0%), loss=0.46810651, step_time=0.054s
2026-09-01 18:56:35.365 INFO: Epoch 125: head: Default, loss=0.12115679, RMSE_E_per_atom=   20.90 meV, RMSE_F=   34.74 meV / A
2026-09-01 18:56:47.663 INFO: Epoch 126: batch 208/208 (100.0%), loss=0.94262409, step_time=0.054s
2026-09-01 18:56:48.074 INFO: Epoch 126: head: Default, loss=0.12111206, RMSE_E_per_atom=   20.55 meV, RMSE_F=   34.74 meV / A
2026-09-01 18:57:00.429 INFO: Epoch 127: batch 208/208 (100.0%), loss=0.31761533, step_time=0.054s
2026-09-01 18:57:00.839 INFO: Epoch 127: head: Default, loss=0.12122521, RMSE_E_per_atom=   20.42 meV, RMSE_F=   34.76 meV / A
2026-09-01 18:57:13.208 INFO: Epoch 128: batch 208/208 (100.0%), loss=1.04997230, step_time=0.054s
2026-09-01 18:57:13.620 INFO: Epoch 128: head: Default, loss=0.12147737, RMSE_E_per_atom=   20.39 meV, RMSE_F=   34.79 meV / A
2026-09-01 18:57:25.986 INFO: Epoch 129: batch 208/208 (100.0%), loss=8.73474026, step_time=0.054s
2026-09-01 18:57:26.400 INFO: Epoch 129: head: Default, loss=0.12172686, RMSE_E_per_atom=   20.22 meV, RMSE_F=   34.83 meV / A
2026-09-01 18:57:38.794 INFO: Epoch 130: batch 208/208 (100.0%), loss=0.11949234, step_time=0.054s
2026-09-01 18:57:39.209 INFO: Epoch 130: head: Default, loss=0.12178590, RMSE_E_per_atom=   20.13 meV, RMSE_F=   34.84 meV / A
2026-09-01 18:57:51.550 INFO: Epoch 131: batch 208/208 (100.0%), loss=0.13323705, step_time=0.054s
2026-09-01 18:57:51.956 INFO: Epoch 131: head: Default, loss=0.12194204, RMSE_E_per_atom=   20.06 meV, RMSE_F=   34.86 meV / A
2026-09-01 18:58:04.300 INFO: Epoch 132: batch 208/208 (100.0%), loss=0.46818435, step_time=0.055s
2026-09-01 18:58:04.714 INFO: Epoch 132: head: Default, loss=0.12188503, RMSE_E_per_atom=   19.93 meV, RMSE_F=   34.86 meV / A
2026-09-01 18:58:17.046 INFO: Epoch 133: batch 208/208 (100.0%), loss=0.18277606, step_time=0.054s
2026-09-01 18:58:17.453 INFO: Epoch 133: head: Default, loss=0.12212909, RMSE_E_per_atom=   20.34 meV, RMSE_F=   34.89 meV / A
2026-09-01 18:58:29.822 INFO: Epoch 134: batch 208/208 (100.0%), loss=0.39355469, step_time=0.054s
2026-09-01 18:58:30.236 INFO: Epoch 134: head: Default, loss=0.12194307, RMSE_E_per_atom=   20.16 meV, RMSE_F=   34.86 meV / A
2026-09-01 18:58:42.534 INFO: Epoch 135: batch 208/208 (100.0%), loss=0.24193554, step_time=0.054s
2026-09-01 18:58:42.944 INFO: Epoch 135: head: Default, loss=0.12222528, RMSE_E_per_atom=   20.22 meV, RMSE_F=   34.90 meV / A
2026-09-01 18:58:55.312 INFO: Epoch 136: batch 208/208 (100.0%), loss=1.26623833, step_time=0.054s
2026-09-01 18:58:55.716 INFO: Epoch 136: head: Default, loss=0.12250900, RMSE_E_per_atom=   20.33 meV, RMSE_F=   34.94 meV / A
2026-09-01 18:59:08.124 INFO: Epoch 137: batch 208/208 (100.0%), loss=0.36144346, step_time=0.054s
2026-09-01 18:59:08.540 INFO: Epoch 137: head: Default, loss=0.12260558, RMSE_E_per_atom=   20.53 meV, RMSE_F=   34.95 meV / A
2026-09-01 18:59:20.877 INFO: Epoch 138: batch 208/208 (100.0%), loss=0.05993256, step_time=0.054s
2026-09-01 18:59:21.291 INFO: Epoch 138: head: Default, loss=0.12263157, RMSE_E_per_atom=   20.46 meV, RMSE_F=   34.96 meV / A
2026-09-01 18:59:33.631 INFO: Epoch 139: batch 208/208 (100.0%), loss=0.38623235, step_time=0.054s
2026-09-01 18:59:34.049 INFO: Epoch 139: head: Default, loss=0.12244239, RMSE_E_per_atom=   19.85 meV, RMSE_F=   34.94 meV / A
2026-09-01 18:59:46.449 INFO: Epoch 140: batch 208/208 (100.0%), loss=0.14660528, step_time=0.054s
2026-09-01 18:59:46.860 INFO: Epoch 140: head: Default, loss=0.12246274, RMSE_E_per_atom=   19.82 meV, RMSE_F=   34.94 meV / A
2026-09-01 18:59:59.205 INFO: Epoch 141: batch 208/208 (100.0%), loss=0.29443207, step_time=0.054s
2026-09-01 18:59:59.621 INFO: Epoch 141: head: Default, loss=0.12246706, RMSE_E_per_atom=   19.57 meV, RMSE_F=   34.94 meV / A
2026-09-01 19:00:11.997 INFO: Epoch 142: batch 208/208 (100.0%), loss=0.20937565, step_time=0.055s
2026-09-01 19:00:12.412 INFO: Epoch 142: head: Default, loss=0.12247669, RMSE_E_per_atom=   19.14 meV, RMSE_F=   34.94 meV / A
2026-09-01 19:00:24.690 INFO: Epoch 143: batch 208/208 (100.0%), loss=0.04436269, step_time=0.054s
2026-09-01 19:00:25.091 INFO: Epoch 143: head: Default, loss=0.12253755, RMSE_E_per_atom=   18.87 meV, RMSE_F=   34.95 meV / A
2026-09-01 19:00:37.463 INFO: Epoch 144: batch 208/208 (100.0%), loss=0.20073265, step_time=0.054s
2026-09-01 19:00:37.874 INFO: Epoch 144: head: Default, loss=0.12273572, RMSE_E_per_atom=   18.48 meV, RMSE_F=   34.98 meV / A
2026-09-01 19:00:50.268 INFO: Epoch 145: batch 208/208 (100.0%), loss=0.06313879, step_time=0.054s
2026-09-01 19:00:50.677 INFO: Epoch 145: head: Default, loss=0.12274606, RMSE_E_per_atom=   18.06 meV, RMSE_F=   34.99 meV / A
2026-09-01 19:01:03.093 INFO: Epoch 146: batch 208/208 (100.0%), loss=0.49697509, step_time=0.054s
2026-09-01 19:01:03.507 INFO: Epoch 146: head: Default, loss=0.12264764, RMSE_E_per_atom=   17.74 meV, RMSE_F=   34.98 meV / A
2026-09-01 19:01:15.910 INFO: Epoch 147: batch 208/208 (100.0%), loss=0.24343877, step_time=0.054s
2026-09-01 19:01:16.331 INFO: Epoch 147: head: Default, loss=0.12253413, RMSE_E_per_atom=   17.43 meV, RMSE_F=   34.96 meV / A
2026-09-01 19:01:28.740 INFO: Epoch 148: batch 208/208 (100.0%), loss=0.07475634, step_time=0.054s
2026-09-01 19:01:29.161 INFO: Epoch 148: head: Default, loss=0.12245167, RMSE_E_per_atom=   17.19 meV, RMSE_F=   34.95 meV / A
2026-09-01 19:01:41.532 INFO: Epoch 149: batch 208/208 (100.0%), loss=0.18247890, step_time=0.054s
2026-09-01 19:01:41.942 INFO: Epoch 149: head: Default, loss=0.12223163, RMSE_E_per_atom=   17.17 meV, RMSE_F=   34.92 meV / A
2026-09-01 19:01:54.307 INFO: Epoch 150: batch 208/208 (100.0%), loss=0.16585726, step_time=0.054s
2026-09-01 19:01:54.726 INFO: Epoch 150: head: Default, loss=0.12223521, RMSE_E_per_atom=   16.79 meV, RMSE_F=   34.92 meV / A
2026-09-01 19:02:07.059 INFO: Epoch 151: batch 208/208 (100.0%), loss=0.05347073, step_time=0.054s
2026-09-01 19:02:07.461 INFO: Epoch 151: head: Default, loss=0.12224350, RMSE_E_per_atom=   16.34 meV, RMSE_F=   34.93 meV / A
2026-09-01 19:02:19.835 INFO: Epoch 152: batch 208/208 (100.0%), loss=0.27288380, step_time=0.055s
2026-09-01 19:02:20.241 INFO: Epoch 152: head: Default, loss=0.12248024, RMSE_E_per_atom=   15.87 meV, RMSE_F=   34.96 meV / A
2026-09-01 19:02:32.646 INFO: Epoch 153: batch 208/208 (100.0%), loss=0.18129367, step_time=0.054s
2026-09-01 19:02:33.053 INFO: Epoch 153: head: Default, loss=0.12252834, RMSE_E_per_atom=   15.56 meV, RMSE_F=   34.97 meV / A
2026-09-01 19:02:45.430 INFO: Epoch 154: batch 208/208 (100.0%), loss=0.12276951, step_time=0.054s
2026-09-01 19:02:45.857 INFO: Epoch 154: head: Default, loss=0.12257414, RMSE_E_per_atom=   15.51 meV, RMSE_F=   34.98 meV / A
2026-09-01 19:02:58.259 INFO: Epoch 155: batch 208/208 (100.0%), loss=1.22902346, step_time=0.054s
2026-09-01 19:02:58.662 INFO: Epoch 155: head: Default, loss=0.12263688, RMSE_E_per_atom=   15.36 meV, RMSE_F=   34.99 meV / A
2026-09-01 19:03:11.069 INFO: Epoch 156: batch 208/208 (100.0%), loss=0.08614729, step_time=0.055s
2026-09-01 19:03:11.479 INFO: Epoch 156: head: Default, loss=0.12269478, RMSE_E_per_atom=   15.35 meV, RMSE_F=   34.99 meV / A
2026-09-01 19:03:23.885 INFO: Epoch 157: batch 208/208 (100.0%), loss=1.10104203, step_time=0.055s
2026-09-01 19:03:24.304 INFO: Epoch 157: head: Default, loss=0.12267201, RMSE_E_per_atom=   15.22 meV, RMSE_F=   34.99 meV / A
2026-09-01 19:03:36.699 INFO: Epoch 158: batch 208/208 (100.0%), loss=0.13039720, step_time=0.054s
2026-09-01 19:03:37.106 INFO: Epoch 158: head: Default, loss=0.12277018, RMSE_E_per_atom=   14.98 meV, RMSE_F=   35.01 meV / A
2026-09-01 19:03:49.491 INFO: Epoch 159: batch 208/208 (100.0%), loss=0.15884870, step_time=0.055s
2026-09-01 19:03:49.904 INFO: Epoch 159: head: Default, loss=0.12282503, RMSE_E_per_atom=   14.70 meV, RMSE_F=   35.02 meV / A
2026-09-01 19:04:02.220 INFO: Epoch 160: batch 208/208 (100.0%), loss=0.33570701, step_time=0.054s
2026-09-01 19:04:02.639 INFO: Epoch 160: head: Default, loss=0.12302518, RMSE_E_per_atom=   14.40 meV, RMSE_F=   35.05 meV / A
2026-09-01 19:04:15.023 INFO: Epoch 161: batch 208/208 (100.0%), loss=0.05199132, step_time=0.054s
2026-09-01 19:04:15.426 INFO: Epoch 161: head: Default, loss=0.12309368, RMSE_E_per_atom=   14.15 meV, RMSE_F=   35.06 meV / A
2026-09-01 19:04:27.850 INFO: Epoch 162: batch 208/208 (100.0%), loss=0.43996373, step_time=0.054s
2026-09-01 19:04:28.257 INFO: Epoch 162: head: Default, loss=0.12326290, RMSE_E_per_atom=   13.99 meV, RMSE_F=   35.08 meV / A
2026-09-01 19:04:40.609 INFO: Epoch 163: batch 208/208 (100.0%), loss=0.06310865, step_time=0.054s
2026-09-01 19:04:41.017 INFO: Epoch 163: head: Default, loss=0.12350594, RMSE_E_per_atom=   13.82 meV, RMSE_F=   35.12 meV / A
2026-09-01 19:04:53.418 INFO: Epoch 164: batch 208/208 (100.0%), loss=0.20636328, step_time=0.054s
2026-09-01 19:04:53.833 INFO: Epoch 164: head: Default, loss=0.12359888, RMSE_E_per_atom=   13.74 meV, RMSE_F=   35.13 meV / A
2026-09-01 19:05:06.182 INFO: Epoch 165: batch 208/208 (100.0%), loss=0.12706870, step_time=0.054s
2026-09-01 19:05:06.598 INFO: Epoch 165: head: Default, loss=0.12386604, RMSE_E_per_atom=   13.70 meV, RMSE_F=   35.17 meV / A
2026-09-01 19:05:18.944 INFO: Epoch 166: batch 208/208 (100.0%), loss=0.05908195, step_time=0.054s
2026-09-01 19:05:19.359 INFO: Epoch 166: head: Default, loss=0.12401059, RMSE_E_per_atom=   13.61 meV, RMSE_F=   35.19 meV / A
2026-09-01 19:05:31.680 INFO: Epoch 167: batch 208/208 (100.0%), loss=0.21910061, step_time=0.054s
2026-09-01 19:05:32.100 INFO: Epoch 167: head: Default, loss=0.12403068, RMSE_E_per_atom=   13.56 meV, RMSE_F=   35.19 meV / A
2026-09-01 19:05:44.474 INFO: Epoch 168: batch 208/208 (100.0%), loss=0.10886467, step_time=0.054s
2026-09-01 19:05:44.882 INFO: Epoch 168: head: Default, loss=0.12397093, RMSE_E_per_atom=   13.16 meV, RMSE_F=   35.18 meV / A
2026-09-01 19:05:57.272 INFO: Epoch 169: batch 208/208 (100.0%), loss=0.35153654, step_time=0.054s
2026-09-01 19:05:57.692 INFO: Epoch 169: head: Default, loss=0.12403098, RMSE_E_per_atom=   13.01 meV, RMSE_F=   35.19 meV / A
2026-09-01 19:06:10.075 INFO: Epoch 170: batch 208/208 (100.0%), loss=0.07624566, step_time=0.055s
2026-09-01 19:06:10.480 INFO: Epoch 170: head: Default, loss=0.12414420, RMSE_E_per_atom=   12.86 meV, RMSE_F=   35.21 meV / A
2026-09-01 19:06:22.881 INFO: Epoch 171: batch 208/208 (100.0%), loss=0.13742684, step_time=0.055s
2026-09-01 19:06:23.287 INFO: Epoch 171: head: Default, loss=0.12438472, RMSE_E_per_atom=   12.77 meV, RMSE_F=   35.25 meV / A
2026-09-01 19:06:35.691 INFO: Epoch 172: batch 208/208 (100.0%), loss=0.19240545, step_time=0.054s
2026-09-01 19:06:36.111 INFO: Epoch 172: head: Default, loss=0.12449224, RMSE_E_per_atom=   12.54 meV, RMSE_F=   35.26 meV / A
2026-09-01 19:06:48.503 INFO: Epoch 173: batch 208/208 (100.0%), loss=0.06055687, step_time=0.054s
2026-09-01 19:06:48.906 INFO: Epoch 173: head: Default, loss=0.12448689, RMSE_E_per_atom=   12.61 meV, RMSE_F=   35.26 meV / A
2026-09-01 19:07:01.308 INFO: Epoch 174: batch 208/208 (100.0%), loss=0.06883956, step_time=0.054s
2026-09-01 19:07:01.722 INFO: Epoch 174: head: Default, loss=0.12481762, RMSE_E_per_atom=   12.55 meV, RMSE_F=   35.31 meV / A
2026-09-01 19:07:14.172 INFO: Epoch 175: batch 208/208 (100.0%), loss=0.12303516, step_time=0.054s
2026-09-01 19:07:14.581 INFO: Epoch 175: head: Default, loss=0.12504393, RMSE_E_per_atom=   12.43 meV, RMSE_F=   35.34 meV / A
2026-09-01 19:07:26.939 INFO: Epoch 176: batch 208/208 (100.0%), loss=0.16552842, step_time=0.054s
2026-09-01 19:07:27.343 INFO: Epoch 176: head: Default, loss=0.12512960, RMSE_E_per_atom=   12.34 meV, RMSE_F=   35.35 meV / A
2026-09-01 19:07:39.740 INFO: Epoch 177: batch 208/208 (100.0%), loss=0.20504789, step_time=0.054s
2026-09-01 19:07:40.149 INFO: Epoch 177: head: Default, loss=0.12529740, RMSE_E_per_atom=   12.24 meV, RMSE_F=   35.38 meV / A
2026-09-01 19:07:52.480 INFO: Epoch 178: batch 208/208 (100.0%), loss=0.28421369, step_time=0.054s
2026-09-01 19:07:52.898 INFO: Epoch 178: head: Default, loss=0.12528647, RMSE_E_per_atom=   12.05 meV, RMSE_F=   35.38 meV / A
2026-09-01 19:08:05.332 INFO: Epoch 179: batch 208/208 (100.0%), loss=0.07305338, step_time=0.054s
2026-09-01 19:08:05.747 INFO: Epoch 179: head: Default, loss=0.12538765, RMSE_E_per_atom=   12.06 meV, RMSE_F=   35.39 meV / A
2026-09-01 19:08:18.109 INFO: Epoch 180: batch 208/208 (100.0%), loss=0.14990106, step_time=0.054s
2026-09-01 19:08:18.521 INFO: Epoch 180: head: Default, loss=0.12553975, RMSE_E_per_atom=   11.74 meV, RMSE_F=   35.41 meV / A
2026-09-01 19:08:30.869 INFO: Epoch 181: batch 208/208 (100.0%), loss=0.18789953, step_time=0.054s
2026-09-01 19:08:31.278 INFO: Epoch 181: head: Default, loss=0.12573370, RMSE_E_per_atom=   11.70 meV, RMSE_F=   35.44 meV / A
2026-09-01 19:08:43.702 INFO: Epoch 182: batch 208/208 (100.0%), loss=0.93883038, step_time=0.057s
2026-09-01 19:08:44.121 INFO: Epoch 182: head: Default, loss=0.12586328, RMSE_E_per_atom=   11.55 meV, RMSE_F=   35.46 meV / A
2026-09-01 19:08:56.514 INFO: Epoch 183: batch 208/208 (100.0%), loss=0.21606077, step_time=0.054s
2026-09-01 19:08:56.933 INFO: Epoch 183: head: Default, loss=0.12597702, RMSE_E_per_atom=   11.53 meV, RMSE_F=   35.47 meV / A
2026-09-01 19:09:09.229 INFO: Epoch 184: batch 208/208 (100.0%), loss=0.05961493, step_time=0.054s
2026-09-01 19:09:09.646 INFO: Epoch 184: head: Default, loss=0.12603417, RMSE_E_per_atom=   11.55 meV, RMSE_F=   35.48 meV / A
2026-09-01 19:09:22.025 INFO: Epoch 185: batch 208/208 (100.0%), loss=0.35995525, step_time=0.054s
2026-09-01 19:09:22.445 INFO: Epoch 185: head: Default, loss=0.12615295, RMSE_E_per_atom=   11.39 meV, RMSE_F=   35.50 meV / A
2026-09-01 19:09:34.817 INFO: Epoch 186: batch 208/208 (100.0%), loss=0.14158414, step_time=0.054s
2026-09-01 19:09:35.215 INFO: Epoch 186: head: Default, loss=0.12611930, RMSE_E_per_atom=   11.55 meV, RMSE_F=   35.49 meV / A
2026-09-01 19:09:47.524 INFO: Epoch 187: batch 208/208 (100.0%), loss=0.30865997, step_time=0.054s
2026-09-01 19:09:47.936 INFO: Epoch 187: head: Default, loss=0.12603354, RMSE_E_per_atom=   11.55 meV, RMSE_F=   35.48 meV / A
2026-09-01 19:10:00.246 INFO: Epoch 188: batch 208/208 (100.0%), loss=4.06026554, step_time=0.054s
2026-09-01 19:10:00.654 INFO: Epoch 188: head: Default, loss=0.12602353, RMSE_E_per_atom=   11.60 meV, RMSE_F=   35.48 meV / A
2026-09-01 19:10:12.948 INFO: Epoch 189: batch 208/208 (100.0%), loss=0.13169880, step_time=0.054s
2026-09-01 19:10:13.371 INFO: Epoch 189: head: Default, loss=0.12584773, RMSE_E_per_atom=   11.43 meV, RMSE_F=   35.46 meV / A
2026-09-01 19:10:25.714 INFO: Epoch 190: batch 208/208 (100.0%), loss=0.05210190, step_time=0.054s
2026-09-01 19:10:26.121 INFO: Epoch 190: head: Default, loss=0.12584662, RMSE_E_per_atom=   11.59 meV, RMSE_F=   35.46 meV / A
2026-09-01 19:10:38.441 INFO: Epoch 191: batch 208/208 (100.0%), loss=0.42895511, step_time=0.054s
2026-09-01 19:10:38.854 INFO: Epoch 191: head: Default, loss=0.12591492, RMSE_E_per_atom=   11.47 meV, RMSE_F=   35.47 meV / A
2026-09-01 19:10:51.182 INFO: Epoch 192: batch 208/208 (100.0%), loss=0.10339113, step_time=0.054s
2026-09-01 19:10:51.606 INFO: Epoch 192: head: Default, loss=0.12607490, RMSE_E_per_atom=   11.40 meV, RMSE_F=   35.49 meV / A
2026-09-01 19:11:03.948 INFO: Epoch 193: batch 208/208 (100.0%), loss=0.12555900, step_time=0.054s
2026-09-01 19:11:04.363 INFO: Epoch 193: head: Default, loss=0.12624846, RMSE_E_per_atom=   11.27 meV, RMSE_F=   35.51 meV / A
2026-09-01 19:11:16.656 INFO: Epoch 194: batch 208/208 (100.0%), loss=0.04025533, step_time=0.054s
2026-09-01 19:11:17.067 INFO: Epoch 194: head: Default, loss=0.12633511, RMSE_E_per_atom=   11.16 meV, RMSE_F=   35.53 meV / A
2026-09-01 19:11:29.378 INFO: Epoch 195: batch 208/208 (100.0%), loss=0.02949210, step_time=0.054s
2026-09-01 19:11:29.785 INFO: Epoch 195: head: Default, loss=0.12642671, RMSE_E_per_atom=   11.04 meV, RMSE_F=   35.54 meV / A
2026-09-01 19:11:42.178 INFO: Epoch 196: batch 208/208 (100.0%), loss=0.10577843, step_time=0.055s
2026-09-01 19:11:42.596 INFO: Epoch 196: head: Default, loss=0.12654658, RMSE_E_per_atom=   10.84 meV, RMSE_F=   35.56 meV / A
2026-09-01 19:11:54.982 INFO: Epoch 197: batch 208/208 (100.0%), loss=0.11502017, step_time=0.055s
2026-09-01 19:11:55.396 INFO: Epoch 197: head: Default, loss=0.12675229, RMSE_E_per_atom=   10.79 meV, RMSE_F=   35.59 meV / A
2026-09-01 19:12:07.702 INFO: Epoch 198: batch 208/208 (100.0%), loss=0.86985213, step_time=0.054s
2026-09-01 19:12:08.109 INFO: Epoch 198: head: Default, loss=0.12688690, RMSE_E_per_atom=   10.60 meV, RMSE_F=   35.61 meV / A
2026-09-01 19:12:20.454 INFO: Epoch 199: batch 208/208 (100.0%), loss=0.18031572, step_time=0.054s
2026-09-01 19:12:20.877 INFO: Epoch 199: head: Default, loss=0.12707905, RMSE_E_per_atom=   10.47 meV, RMSE_F=   35.63 meV / A
2026-09-01 19:12:20.877 INFO: Training complete
2026-09-01 19:12:20.877 INFO: 
2026-09-01 19:12:20.878 INFO: ===========RESULTS===========
2026-09-01 19:12:20.878 INFO: Loading checkpoint: /home/kevinsh/mlip/codes/D2_naive/runs/polar1s_naive_orca_dft_e0/checkpoints/polar1s_naive_orca_dft_e0_run-3_epoch-36.pt
2026-09-01 19:12:21.062 INFO: Loaded Stage one model from epoch 36 for evaluation
2026-09-01 19:12:21.062 INFO: Saving model to /home/kevinsh/mlip/codes/D2_naive/runs/polar1s_naive_orca_dft_e0/checkpoints/polar1s_naive_orca_dft_e0_run-3.model
2026-09-01 19:12:21.208 INFO: Compiling model, saving metadata to /home/kevinsh/mlip/codes/D2_naive/runs/polar1s_naive_orca_dft_e0/models/polar1s_naive_orca_dft_e0_compiled.model
2026-09-01 19:12:21.331 INFO: Computing metrics for training, validation, and test sets
2026-09-01 19:12:21.332 INFO: Skipping evaluation for heads: ['pt_head']
2026-09-01 19:12:21.332 INFO: Evaluating train_Default ...
2026-09-01 19:12:34.735 INFO: Evaluating valid_Default ...
2026-09-01 19:12:35.448 INFO: Error-table on TRAIN and VALID:
+---------------+---------------------+------------------+-------------------+
|  config_type  | RMSE E / meV / atom | RMSE F / meV / A | relative F RMSE % |
+---------------+---------------------+------------------+-------------------+
| train_Default |          217.7      |        142.3     |          9.16     |
| valid_Default |           46.5      |         32.2     |          3.62     |
+---------------+---------------------+------------------+-------------------+
2026-09-01 19:12:35.599 INFO: Done
