/home/kevinsh/env/lib64/python3.11/site-packages/e3nn/o3/_wigner.py:10: UserWarning: Environment variable TORCH_FORCE_NO_WEIGHTS_ONLY_LOAD detected, since the`weights_only` argument was not explicitly passed to `torch.load`, forcing weights_only=False.
  _Jd, _W3j_flat, _W3j_indices = torch.load(os.path.join(os.path.dirname(__file__), 'constants.pt'))
/home/kevinsh/mlip/mace/mace/calculators/foundations_models.py:342: UserWarning: Environment variable TORCH_FORCE_NO_WEIGHTS_ONLY_LOAD detected, since the`weights_only` argument was not explicitly passed to `torch.load`, forcing weights_only=False.
  return torch.load(model_path, map_location=device)
/usr/lib64/python3.11/ast.py:418: UserWarning: The TorchScript type system doesn't support instance-level annotations on empty non-base types in `__init__`. Instead, either 1) use a type annotation in the class body, or 2) wrap the type in `torch.jit.Attribute`.
  return visitor(node)
/usr/lib64/python3.11/ast.py:418: UserWarning: The TorchScript type system doesn't support instance-level annotations on empty non-base types in `__init__`. Instead, either 1) use a type annotation in the class body, or 2) wrap the type in `torch.jit.Attribute`.
  return visitor(node)
/usr/lib64/python3.11/ast.py:418: UserWarning: The TorchScript type system doesn't support instance-level annotations on empty non-base types in `__init__`. Instead, either 1) use a type annotation in the class body, or 2) wrap the type in `torch.jit.Attribute`.
  return visitor(node)
/usr/lib64/python3.11/ast.py:418: UserWarning: The TorchScript type system doesn't support instance-level annotations on empty non-base types in `__init__`. Instead, either 1) use a type annotation in the class body, or 2) wrap the type in `torch.jit.Attribute`.
  return visitor(node)
/usr/lib64/python3.11/ast.py:418: UserWarning: The TorchScript type system doesn't support instance-level annotations on empty non-base types in `__init__`. Instead, either 1) use a type annotation in the class body, or 2) wrap the type in `torch.jit.Attribute`.
  return visitor(node)
/usr/lib64/python3.11/ast.py:418: UserWarning: The TorchScript type system doesn't support instance-level annotations on empty non-base types in `__init__`. Instead, either 1) use a type annotation in the class body, or 2) wrap the type in `torch.jit.Attribute`.
  return visitor(node)
/usr/lib64/python3.11/ast.py:418: UserWarning: The TorchScript type system doesn't support instance-level annotations on empty non-base types in `__init__`. Instead, either 1) use a type annotation in the class body, or 2) wrap the type in `torch.jit.Attribute`.
  return visitor(node)
/usr/lib64/python3.11/ast.py:418: UserWarning: The TorchScript type system doesn't support instance-level annotations on empty non-base types in `__init__`. Instead, either 1) use a type annotation in the class body, or 2) wrap the type in `torch.jit.Attribute`.
  return visitor(node)
/usr/lib64/python3.11/ast.py:418: UserWarning: The TorchScript type system doesn't support instance-level annotations on empty non-base types in `__init__`. Instead, either 1) use a type annotation in the class body, or 2) wrap the type in `torch.jit.Attribute`.
  return visitor(node)
/usr/lib64/python3.11/ast.py:418: UserWarning: The TorchScript type system doesn't support instance-level annotations on empty non-base types in `__init__`. Instead, either 1) use a type annotation in the class body, or 2) wrap the type in `torch.jit.Attribute`.
  return visitor(node)
/usr/lib64/python3.11/ast.py:418: UserWarning: The TorchScript type system doesn't support instance-level annotations on empty non-base types in `__init__`. Instead, either 1) use a type annotation in the class body, or 2) wrap the type in `torch.jit.Attribute`.
  return visitor(node)
/usr/lib64/python3.11/ast.py:418: UserWarning: The TorchScript type system doesn't support instance-level annotations on empty non-base types in `__init__`. Instead, either 1) use a type annotation in the class body, or 2) wrap the type in `torch.jit.Attribute`.
  return visitor(node)
/usr/lib64/python3.11/ast.py:418: UserWarning: The TorchScript type system doesn't support instance-level annotations on empty non-base types in `__init__`. Instead, either 1) use a type annotation in the class body, or 2) wrap the type in `torch.jit.Attribute`.
  return visitor(node)
/usr/lib64/python3.11/ast.py:418: UserWarning: The TorchScript type system doesn't support instance-level annotations on empty non-base types in `__init__`. Instead, either 1) use a type annotation in the class body, or 2) wrap the type in `torch.jit.Attribute`.
  return visitor(node)
/usr/lib64/python3.11/ast.py:418: UserWarning: The TorchScript type system doesn't support instance-level annotations on empty non-base types in `__init__`. Instead, either 1) use a type annotation in the class body, or 2) wrap the type in `torch.jit.Attribute`.
  return visitor(node)
/usr/lib64/python3.11/ast.py:418: UserWarning: The TorchScript type system doesn't support instance-level annotations on empty non-base types in `__init__`. Instead, either 1) use a type annotation in the class body, or 2) wrap the type in `torch.jit.Attribute`.
  return visitor(node)
/usr/lib64/python3.11/ast.py:418: UserWarning: The TorchScript type system doesn't support instance-level annotations on empty non-base types in `__init__`. Instead, either 1) use a type annotation in the class body, or 2) wrap the type in `torch.jit.Attribute`.
  return visitor(node)
/usr/lib64/python3.11/ast.py:418: UserWarning: The TorchScript type system doesn't support instance-level annotations on empty non-base types in `__init__`. Instead, either 1) use a type annotation in the class body, or 2) wrap the type in `torch.jit.Attribute`.
  return visitor(node)
/usr/lib64/python3.11/ast.py:418: UserWarning: The TorchScript type system doesn't support instance-level annotations on empty non-base types in `__init__`. Instead, either 1) use a type annotation in the class body, or 2) wrap the type in `torch.jit.Attribute`.
  return visitor(node)
/usr/lib64/python3.11/ast.py:418: UserWarning: The TorchScript type system doesn't support instance-level annotations on empty non-base types in `__init__`. Instead, either 1) use a type annotation in the class body, or 2) wrap the type in `torch.jit.Attribute`.
  return visitor(node)
/usr/lib64/python3.11/ast.py:418: UserWarning: The TorchScript type system doesn't support instance-level annotations on empty non-base types in `__init__`. Instead, either 1) use a type annotation in the class body, or 2) wrap the type in `torch.jit.Attribute`.
  return visitor(node)
/usr/lib64/python3.11/ast.py:418: UserWarning: The TorchScript type system doesn't support instance-level annotations on empty non-base types in `__init__`. Instead, either 1) use a type annotation in the class body, or 2) wrap the type in `torch.jit.Attribute`.
  return visitor(node)
/usr/lib64/python3.11/ast.py:418: UserWarning: The TorchScript type system doesn't support instance-level annotations on empty non-base types in `__init__`. Instead, either 1) use a type annotation in the class body, or 2) wrap the type in `torch.jit.Attribute`.
  return visitor(node)
/usr/lib64/python3.11/ast.py:418: UserWarning: The TorchScript type system doesn't support instance-level annotations on empty non-base types in `__init__`. Instead, either 1) use a type annotation in the class body, or 2) wrap the type in `torch.jit.Attribute`.
  return visitor(node)
/usr/lib64/python3.11/ast.py:418: UserWarning: The TorchScript type system doesn't support instance-level annotations on empty non-base types in `__init__`. Instead, either 1) use a type annotation in the class body, or 2) wrap the type in `torch.jit.Attribute`.
  return visitor(node)
/usr/lib64/python3.11/ast.py:418: UserWarning: The TorchScript type system doesn't support instance-level annotations on empty non-base types in `__init__`. Instead, either 1) use a type annotation in the class body, or 2) wrap the type in `torch.jit.Attribute`.
  return visitor(node)
/usr/lib64/python3.11/ast.py:418: UserWarning: The TorchScript type system doesn't support instance-level annotations on empty non-base types in `__init__`. Instead, either 1) use a type annotation in the class body, or 2) wrap the type in `torch.jit.Attribute`.
  return visitor(node)
/usr/lib64/python3.11/ast.py:418: UserWarning: The TorchScript type system doesn't support instance-level annotations on empty non-base types in `__init__`. Instead, either 1) use a type annotation in the class body, or 2) wrap the type in `torch.jit.Attribute`.
  return visitor(node)
/usr/lib64/python3.11/ast.py:418: UserWarning: The TorchScript type system doesn't support instance-level annotations on empty non-base types in `__init__`. Instead, either 1) use a type annotation in the class body, or 2) wrap the type in `torch.jit.Attribute`.
  return visitor(node)
/usr/lib64/python3.11/ast.py:418: UserWarning: The TorchScript type system doesn't support instance-level annotations on empty non-base types in `__init__`. Instead, either 1) use a type annotation in the class body, or 2) wrap the type in `torch.jit.Attribute`.
  return visitor(node)
/usr/lib64/python3.11/ast.py:418: UserWarning: The TorchScript type system doesn't support instance-level annotations on empty non-base types in `__init__`. Instead, either 1) use a type annotation in the class body, or 2) wrap the type in `torch.jit.Attribute`.
  return visitor(node)
/usr/lib64/python3.11/ast.py:418: UserWarning: The TorchScript type system doesn't support instance-level annotations on empty non-base types in `__init__`. Instead, either 1) use a type annotation in the class body, or 2) wrap the type in `torch.jit.Attribute`.
  return visitor(node)
/usr/lib64/python3.11/ast.py:418: UserWarning: The TorchScript type system doesn't support instance-level annotations on empty non-base types in `__init__`. Instead, either 1) use a type annotation in the class body, or 2) wrap the type in `torch.jit.Attribute`.
  return visitor(node)
/usr/lib64/python3.11/ast.py:418: UserWarning: The TorchScript type system doesn't support instance-level annotations on empty non-base types in `__init__`. Instead, either 1) use a type annotation in the class body, or 2) wrap the type in `torch.jit.Attribute`.
  return visitor(node)
/usr/lib64/python3.11/ast.py:418: UserWarning: The TorchScript type system doesn't support instance-level annotations on empty non-base types in `__init__`. Instead, either 1) use a type annotation in the class body, or 2) wrap the type in `torch.jit.Attribute`.
  return visitor(node)
/usr/lib64/python3.11/ast.py:418: UserWarning: The TorchScript type system doesn't support instance-level annotations on empty non-base types in `__init__`. Instead, either 1) use a type annotation in the class body, or 2) wrap the type in `torch.jit.Attribute`.
  return visitor(node)
/usr/lib64/python3.11/ast.py:418: UserWarning: The TorchScript type system doesn't support instance-level annotations on empty non-base types in `__init__`. Instead, either 1) use a type annotation in the class body, or 2) wrap the type in `torch.jit.Attribute`.
  return visitor(node)
/usr/lib64/python3.11/ast.py:418: UserWarning: The TorchScript type system doesn't support instance-level annotations on empty non-base types in `__init__`. Instead, either 1) use a type annotation in the class body, or 2) wrap the type in `torch.jit.Attribute`.
  return visitor(node)
/home/kevinsh/env/lib64/python3.11/site-packages/torch/distributed/c10d_logger.py:83: UserWarning: barrier(): using the device under current context. You can specify `device_id` in `init_process_group` to mute this warning.
  return func(*args, **kwargs)
/home/kevinsh/env/lib64/python3.11/site-packages/torch/autograd/graph.py:869: UserWarning: Grad strides do not match bucket view strides. This may indicate grad was not created according to the gradient layout contract, or that the param's strides changed since DDP was constructed.  This is not an error, but may impair performance.
grad.sizes() = [1, 128], strides() = [1, 1]
bucket_view.sizes() = [1, 128], strides() = [128, 1] (Triggered internally at /pytorch/torch/csrc/distributed/c10d/reducer.cpp:332.)
  return Variable._execution_engine.run_backward(  # Calls into the C++ engine to run the backward pass
[rank0]: Traceback (most recent call last):
[rank0]:   File "/home/kevinsh/mlip/codes/D2_naive/trainmace.py", line 205, in <module>
[rank0]:     
[rank0]:   File "/home/kevinsh/env/lib64/python3.11/site-packages/torch/distributed/elastic/multiprocessing/errors/__init__.py", line 362, in wrapper
[rank0]:     return f(*args, **kwargs)
[rank0]:            ^^^^^^^^^^^^^^^^^^
[rank0]:   File "/home/kevinsh/mlip/codes/D2_naive/trainmace.py", line 201, in main
[rank0]:     sys.path.insert(0, str(MACE_REPO.resolve()))
[rank0]:     ^^^^^^^^^^^^^^^^
[rank0]:   File "/home/kevinsh/mlip/mace/mace/cli/run_train.py", line 85, in main
[rank0]:     run(args)
[rank0]:   File "/home/kevinsh/mlip/mace/mace/cli/run_train.py", line 942, in run
[rank0]:     tools.train(
[rank0]:   File "/home/kevinsh/mlip/mace/mace/tools/train.py", line 265, in train
[rank0]:     valid_loss_head, eval_metrics = evaluate(
[rank0]:                                     ^^^^^^^^^
[rank0]:   File "/home/kevinsh/mlip/mace/mace/tools/train.py", line 598, in evaluate
[rank0]:     avg_loss, aux = metrics.compute()
[rank0]:                     ^^^^^^^^^^^^^^^^^
[rank0]:   File "/home/kevinsh/env/lib64/python3.11/site-packages/torchmetrics/metric.py", line 694, in wrapped_func
[rank0]:     with self.sync_context(
[rank0]:   File "/usr/lib64/python3.11/contextlib.py", line 137, in __enter__
[rank0]:     return next(self.gen)
[rank0]:            ^^^^^^^^^^^^^^
[rank0]:   File "/home/kevinsh/env/lib64/python3.11/site-packages/torchmetrics/metric.py", line 665, in sync_context
[rank0]:     self.sync(
[rank0]:   File "/home/kevinsh/env/lib64/python3.11/site-packages/torchmetrics/metric.py", line 614, in sync
[rank0]:     self._sync_dist(dist_sync_fn, process_group=process_group)
[rank0]:   File "/home/kevinsh/env/lib64/python3.11/site-packages/torchmetrics/metric.py", line 518, in _sync_dist
[rank0]:     output_dict = apply_to_collection(
[rank0]:                   ^^^^^^^^^^^^^^^^^^^^
[rank0]:   File "/home/kevinsh/env/lib64/python3.11/site-packages/lightning_utilities/core/apply_func.py", line 74, in apply_to_collection
[rank0]:     return _apply_to_collection_slow(
[rank0]:            ^^^^^^^^^^^^^^^^^^^^^^^^^^
[rank0]:   File "/home/kevinsh/env/lib64/python3.11/site-packages/lightning_utilities/core/apply_func.py", line 150, in _apply_to_collection_slow
[rank0]:     v = _apply_to_collection_slow(
[rank0]:         ^^^^^^^^^^^^^^^^^^^^^^^^^^
[rank0]:   File "/home/kevinsh/env/lib64/python3.11/site-packages/lightning_utilities/core/apply_func.py", line 98, in _apply_to_collection_slow
[rank0]:     return function(data, *args, **kwargs)
[rank0]:            ^^^^^^^^^^^^^^^^^^^^^^^^^^^^^^^
[rank0]:   File "/home/kevinsh/env/lib64/python3.11/site-packages/torchmetrics/utilities/distributed.py", line 121, in gather_all_tensors
[rank0]:     torch.distributed.barrier(group=group)
[rank0]:   File "/home/kevinsh/env/lib64/python3.11/site-packages/torch/distributed/c10d_logger.py", line 83, in wrapper
[rank0]:     return func(*args, **kwargs)
[rank0]:            ^^^^^^^^^^^^^^^^^^^^^
[rank0]:   File "/home/kevinsh/env/lib64/python3.11/site-packages/torch/distributed/distributed_c10d.py", line 5030, in barrier
[rank0]:     work = group.barrier(opts=opts)
[rank0]:            ^^^^^^^^^^^^^^^^^^^^^^^^
[rank0]: KeyboardInterrupt
[rank0]:[W902 09:16:37.539454373 TCPStore.cpp:125] [c10d] recvValue failed on SocketImpl(fd=3, addr=[csrwks2026-0013.engin.umich.edu]:40532, remote=[csrwks2026-0013.engin.umich.edu]:45709): Failed to recv, got 0 bytes. Connection was likely closed. Did the remote server shutdown or crash?
Exception raised from recvBytes at /pytorch/torch/csrc/distributed/c10d/Utils.hpp:682 (most recent call first):
frame #0: c10::Error::Error(c10::SourceLocation, std::__cxx11::basic_string<char, std::char_traits<char>, std::allocator<char> >) + 0x9d (0x7fa17bf7205d in /home/kevinsh/env/lib64/python3.11/site-packages/torch/lib/libc10.so)
frame #1: <unknown function> + 0x6a9149d (0x7fa0a1a9149d in /home/kevinsh/env/lib64/python3.11/site-packages/torch/lib/libtorch_cpu.so)
frame #2: c10d::TCPStore::check(std::vector<std::__cxx11::basic_string<char, std::char_traits<char>, std::allocator<char> >, std::allocator<std::__cxx11::basic_string<char, std::char_traits<char>, std::allocator<char> > > > const&) + 0x273 (0x7fa0a1a8f3f3 in /home/kevinsh/env/lib64/python3.11/site-packages/torch/lib/libtorch_cpu.so)
frame #3: c10d::ProcessGroupNCCL::HeartbeatMonitor::runLoop() + 0x4a5 (0x7fa06674baa5 in /home/kevinsh/env/lib64/python3.11/site-packages/torch/lib/libtorch_cuda.so)
frame #4: <unknown function> + 0xdbae4 (0x7fa17d6dbae4 in /lib64/libstdc++.so.6)
frame #5: <unknown function> + 0x8b569 (0x7fa18e08b569 in /lib64/libc.so.6)
frame #6: <unknown function> + 0x110760 (0x7fa18e110760 in /lib64/libc.so.6)

[rank0]:[W902 09:16:37.543384649 ProcessGroupNCCL.cpp:1826] [PG ID 0 PG GUID 0(default_pg) Rank 0] Failed to check the "should dump" flag on TCPStore, (maybe TCPStore server has shut down too early), with error: Failed to recv, got 0 bytes. Connection was likely closed. Did the remote server shutdown or crash?
[rank0]:[W902 09:16:37.205547585 ProcessGroupNCCL.cpp:1575] Warning: WARNING: destroy_process_group() was not called before program exit, which can leak resources. For more info, please see https://pytorch.org/docs/stable/distributed.html#shutdown (function operator())
[rank0]:[W902 09:16:38.543627236 TCPStore.cpp:106] [c10d] sendBytes failed on SocketImpl(fd=3, addr=[csrwks2026-0013.engin.umich.edu]:40532, remote=[csrwks2026-0013.engin.umich.edu]:45709): Broken pipe
Exception raised from sendBytes at /pytorch/torch/csrc/distributed/c10d/Utils.hpp:653 (most recent call first):
frame #0: c10::Error::Error(c10::SourceLocation, std::__cxx11::basic_string<char, std::char_traits<char>, std::allocator<char> >) + 0x9d (0x7fa17bf7205d in /home/kevinsh/env/lib64/python3.11/site-packages/torch/lib/libc10.so)
frame #1: <unknown function> + 0x6a90911 (0x7fa0a1a90911 in /home/kevinsh/env/lib64/python3.11/site-packages/torch/lib/libtorch_cpu.so)
frame #2: c10d::TCPStore::check(std::vector<std::__cxx11::basic_string<char, std::char_traits<char>, std::allocator<char> >, std::allocator<std::__cxx11::basic_string<char, std::char_traits<char>, std::allocator<char> > > > const&) + 0x24d (0x7fa0a1a8f3cd in /home/kevinsh/env/lib64/python3.11/site-packages/torch/lib/libtorch_cpu.so)
frame #3: c10d::ProcessGroupNCCL::HeartbeatMonitor::runLoop() + 0x4a5 (0x7fa06674baa5 in /home/kevinsh/env/lib64/python3.11/site-packages/torch/lib/libtorch_cuda.so)
frame #4: <unknown function> + 0xdbae4 (0x7fa17d6dbae4 in /lib64/libstdc++.so.6)
frame #5: <unknown function> + 0x8b569 (0x7fa18e08b569 in /lib64/libc.so.6)
frame #6: <unknown function> + 0x110760 (0x7fa18e110760 in /lib64/libc.so.6)

[rank0]:[W902 09:16:38.547685238 ProcessGroupNCCL.cpp:1826] [PG ID 0 PG GUID 0(default_pg) Rank 0] Failed to check the "should dump" flag on TCPStore, (maybe TCPStore server has shut down too early), with error: Broken pipe
