Using prepared DFT E0s from /home/kevinsh/mlip/codes/D2_naive/data/target_dft_e0s.json
cuequivariance or cuequivariance_torch is not available. Cuequivariance acceleration will be disabled.
2026-09-02 08:51:24.814 INFO: ===========VERIFYING SETTINGS===========
2026-09-02 08:51:25.079 INFO: Process group initialized: True
2026-09-02 08:51:25.079 INFO: Processes: 2
2026-09-02 08:51:25.079 INFO: MACE version: 0.3.16
2026-09-02 08:51:25.079 INFO: CUDA version: 12.8, CUDA device: 0
2026-09-02 08:51:25.151 INFO: Using Polar foundation model polar-1-s as initial checkpoint.
Using MACE-Polar model for MACECalculator with /home/kevinsh/mlip/outputsfull/.cache/mace/MACEPOLAR1Smodel
2026-09-02 08:51:25.276 INFO: ===========LOADING INPUT DATA===========
2026-09-02 08:51:25.276 INFO: Using heads: ['Default']
2026-09-02 08:51:25.276 INFO: Using the key specifications to parse data:
2026-09-02 08:51:25.276 INFO: Default: KeySpecification(info_keys={'energy': 'REF_energy', 'stress': 'REF_stress', 'virials': 'REF_virials', 'dipole': 'dipole', 'head': 'head', 'elec_temp': 'elec_temp', 'total_charge': 'charge', 'polarizability': 'polarizability', 'total_spin': 'spin'}, arrays_keys={'forces': 'REF_forces', 'charges': 'REF_charges'})
2026-09-02 08:51:25.276 INFO: =============    Processing head Default     ===========
2026-09-02 08:51:25.340 INFO: Training set 1/1 [energy: 417, stress: 0, virials: 0, dipole components: 0, head: 417, elec_temp: 0, total_charge: 417, polarizability: 0, total_spin: 417, forces: 417, charges: 0]
2026-09-02 08:51:25.341 INFO: Total Training set [energy: 417, stress: 0, virials: 0, dipole components: 0, head: 417, elec_temp: 0, total_charge: 417, polarizability: 0, total_spin: 417, forces: 417, charges: 0]
2026-09-02 08:51:25.350 INFO: Validation set 1/1 [energy: 23, stress: 0, virials: 0, dipole components: 0, head: 23, elec_temp: 0, total_charge: 23, polarizability: 0, total_spin: 23, forces: 23, charges: 0]
2026-09-02 08:51:25.351 INFO: Total Validation set [energy: 23, stress: 0, virials: 0, dipole components: 0, head: 23, elec_temp: 0, total_charge: 23, polarizability: 0, total_spin: 23, forces: 23, charges: 0]
2026-09-02 08:51:25.351 INFO: Total number of configurations: train=417, valid=23, tests=[],
2026-09-02 08:51:25.351 INFO: Using atomic numbers from command line argument
2026-09-02 08:51:25.351 INFO: Atomic Numbers used: [1, 7, 8, 16]
2026-09-02 08:51:25.351 INFO: Isolated Atomic Energies (E0s) not in training file, using command line argument
2026-09-02 08:51:25.351 INFO: Loading atomic energies from /home/kevinsh/mlip/codes/D2_naive/data/target_dft_e0s.json
2026-09-02 08:51:25.351 INFO: Atomic Energies used (z: eV) for head Default: {1: -13.44558, 7: -1485.54202, 8: -2042.97854, 16: -10832.62247}
2026-09-02 08:51:25.351 INFO: Processing datasets for head 'Default'
2026-09-02 08:51:25.779 INFO: Combining 1 list datasets for head 'Default'
2026-09-02 08:51:25.785 INFO: Combining 1 list datasets for head 'Default_valid'
2026-09-02 08:51:25.785 INFO: Combined validation datasets for Default
2026-09-02 08:51:25.785 INFO: Head 'Default' training dataset size: 417
2026-09-02 08:51:25.785 INFO: Computing average number of neighbors
2026-09-02 08:51:29.448 INFO: Average number of neighbors: 22.66477394104004
2026-09-02 08:51:29.449 INFO: During training the following quantities will be reported: energy, forces
2026-09-02 08:51:29.449 INFO: ===========MODEL DETAILS===========
2026-09-02 08:51:31.869 INFO: Loading FOUNDATION model
2026-09-02 08:51:31.870 INFO: Using filtered elements: [1, 7, 8, 16]
2026-09-02 08:51:31.870 INFO: Model configuration extracted from foundation model
2026-09-02 08:51:31.870 INFO: Using weighted loss function for fine-tuning
2026-09-02 08:51:31.871 INFO: Message passing with hidden irreps 512x0e)
2026-09-02 08:51:31.871 INFO: 1 layers, each with correlation order: 3 (body order: 4) and spherical harmonics up to: l=3
2026-09-02 08:51:31.871 INFO: Radial cutoff: 6.0 A (total receptive field for each atom: 6.0 A)
2026-09-02 08:51:31.871 INFO: Distance transform for radial basis functions: None
2026-09-02 08:51:33.075 INFO: ===========OPTIMIZER INFORMATION===========
2026-09-02 08:51:33.076 INFO: Using ADAM as parameter optimizer
2026-09-02 08:51:33.076 INFO: Batch size: 1
2026-09-02 08:51:33.076 INFO: Using Exponential Moving Average with decay: 0.99999
2026-09-02 08:51:33.076 INFO: Number of gradient updates: 83400
2026-09-02 08:51:33.076 INFO: Learning rate: 0.01, weight decay: 5e-07
2026-09-02 08:51:33.076 INFO: WeightedEnergyForcesLoss(energy_weight=1.000, forces_weight=100000.000)
2026-09-02 08:51:33.076 INFO: === Layer's learning rates ===
2026-09-02 08:51:33.077 INFO: Param group 0: lr = 0.01
2026-09-02 08:51:33.077 INFO: Param group 1: lr = 0.01
2026-09-02 08:51:33.077 INFO: Param group 2: lr = 0.01
2026-09-02 08:51:33.077 INFO: Param group 3: lr = 0.01
2026-09-02 08:51:33.077 INFO: Param group 4: lr = 0.01
2026-09-02 08:51:33.306 INFO: Using gradient clipping with tolerance=10.000
2026-09-02 08:51:33.306 INFO: 
2026-09-02 08:51:33.306 INFO: ===========TRAINING===========
2026-09-02 08:51:33.306 INFO: Started training, reporting errors on validation set
2026-09-02 08:51:33.306 INFO: Loss metrics on validation set
2026-09-02 08:51:38.211 INFO: Initial: head: Default, loss=24.98670006, RMSE_E_per_atom= 3234.09 meV, RMSE_F=   12.05 meV / A
2026-09-02 08:52:21.355 INFO: Epoch 0: batch 208/208 (100.0%), loss=5234.30224609, step_time=0.246s
2026-09-02 08:52:22.660 INFO: Epoch 0: head: Default, loss=700.64495850, RMSE_E_per_atom= 3505.15 meV, RMSE_F=   82.97 meV / A
2026-09-02 08:53:01.707 INFO: Epoch 1: batch 208/208 (100.0%), loss=7631.36132812, step_time=0.168s
2026-09-02 08:53:03.107 INFO: Epoch 1: head: Default, loss=324.65557861, RMSE_E_per_atom= 3507.74 meV, RMSE_F=   55.89 meV / A
2026-09-02 08:53:42.734 INFO: Epoch 2: batch 208/208 (100.0%), loss=4929.99609375, step_time=0.140s
2026-09-02 08:53:44.016 INFO: Epoch 2: head: Default, loss=263.23651123, RMSE_E_per_atom= 3501.93 meV, RMSE_F=   50.10 meV / A
2026-09-02 08:54:22.136 INFO: Epoch 3: batch 208/208 (100.0%), loss=913.64801025, step_time=0.157s
2026-09-02 08:54:23.748 INFO: Epoch 3: head: Default, loss=218.69444275, RMSE_E_per_atom= 3494.44 meV, RMSE_F=   45.44 meV / A
2026-09-02 08:55:05.368 INFO: Epoch 4: batch 208/208 (100.0%), loss=4391.47265625, step_time=0.188s
2026-09-02 08:55:06.952 INFO: Epoch 4: head: Default, loss=229.39239502, RMSE_E_per_atom= 3487.17 meV, RMSE_F=   46.61 meV / A
2026-09-02 08:55:49.635 INFO: Epoch 5: batch 208/208 (100.0%), loss=6738.19531250, step_time=0.099s
2026-09-02 08:55:50.661 INFO: Epoch 5: head: Default, loss=179.98153687, RMSE_E_per_atom= 3466.45 meV, RMSE_F=   40.98 meV / A
2026-09-02 08:56:29.808 INFO: Epoch 6: batch 208/208 (100.0%), loss=2178.48339844, step_time=0.098s
2026-09-02 08:56:30.591 INFO: Epoch 6: head: Default, loss=168.70693970, RMSE_E_per_atom= 3456.72 meV, RMSE_F=   39.59 meV / A
2026-09-02 08:57:13.306 INFO: Epoch 7: batch 208/208 (100.0%), loss=7506.82958984, step_time=0.222s
2026-09-02 08:57:14.706 INFO: Epoch 7: head: Default, loss=157.34237671, RMSE_E_per_atom= 3463.98 meV, RMSE_F=   38.12 meV / A
2026-09-02 08:57:57.358 INFO: Epoch 8: batch 208/208 (100.0%), loss=4138.99560547, step_time=0.216s
2026-09-02 08:57:58.839 INFO: Epoch 8: head: Default, loss=153.47163391, RMSE_E_per_atom= 3467.51 meV, RMSE_F=   37.61 meV / A
2026-09-02 08:58:40.312 INFO: Epoch 9: batch 208/208 (100.0%), loss=1353.02453613, step_time=0.179s
2026-09-02 08:58:41.769 INFO: Epoch 9: head: Default, loss=159.77265930, RMSE_E_per_atom= 3455.60 meV, RMSE_F=   38.45 meV / A
2026-09-02 08:59:25.081 INFO: Epoch 10: batch 208/208 (100.0%), loss=9022.56445312, step_time=0.186s
2026-09-02 08:59:26.774 INFO: Epoch 10: head: Default, loss=158.14120483, RMSE_E_per_atom= 3446.20 meV, RMSE_F=   38.24 meV / A
2026-09-02 09:00:09.716 INFO: Epoch 11: batch 208/208 (100.0%), loss=14116.05957031, step_time=0.188s
2026-09-02 09:00:11.193 INFO: Epoch 11: head: Default, loss=153.65769958, RMSE_E_per_atom= 3424.51 meV, RMSE_F=   37.67 meV / A
2026-09-02 09:00:53.324 INFO: Epoch 12: batch 208/208 (100.0%), loss=3882.05737305, step_time=0.220s
2026-09-02 09:00:54.872 INFO: Epoch 12: head: Default, loss=142.97503662, RMSE_E_per_atom= 3421.85 meV, RMSE_F=   36.23 meV / A
2026-09-02 09:01:38.374 INFO: Epoch 13: batch 208/208 (100.0%), loss=2794.42749023, step_time=0.210s
2026-09-02 09:01:39.976 INFO: Epoch 13: head: Default, loss=142.30455017, RMSE_E_per_atom= 3418.55 meV, RMSE_F=   36.14 meV / A
2026-09-02 09:02:15.463 INFO: Epoch 14: batch 208/208 (100.0%), loss=454.36184692, step_time=0.209s
2026-09-02 09:02:17.108 INFO: Epoch 14: head: Default, loss=138.36764526, RMSE_E_per_atom= 3432.04 meV, RMSE_F=   35.58 meV / A
2026-09-02 09:03:00.885 INFO: Epoch 15: batch 208/208 (100.0%), loss=3641.19262695, step_time=0.185s
2026-09-02 09:03:02.519 INFO: Epoch 15: head: Default, loss=140.25028992, RMSE_E_per_atom= 3423.50 meV, RMSE_F=   35.85 meV / A
2026-09-02 09:03:39.793 INFO: Epoch 16: batch 208/208 (100.0%), loss=784.87390137, step_time=0.198s
2026-09-02 09:03:41.485 INFO: Epoch 16: head: Default, loss=142.19065857, RMSE_E_per_atom= 3411.82 meV, RMSE_F=   36.13 meV / A
2026-09-02 09:04:22.001 INFO: Epoch 17: batch 208/208 (100.0%), loss=5389.55468750, step_time=0.213s
2026-09-02 09:04:23.330 INFO: Epoch 17: head: Default, loss=143.85511780, RMSE_E_per_atom= 3398.08 meV, RMSE_F=   36.37 meV / A
2026-09-02 09:05:05.029 INFO: Epoch 18: batch 208/208 (100.0%), loss=3075.47802734, step_time=0.203s
2026-09-02 09:05:06.635 INFO: Epoch 18: head: Default, loss=137.69325256, RMSE_E_per_atom= 3389.47 meV, RMSE_F=   35.53 meV / A
2026-09-02 09:05:48.240 INFO: Epoch 19: batch 208/208 (100.0%), loss=3569.75244141, step_time=0.201s
2026-09-02 09:05:49.900 INFO: Epoch 19: head: Default, loss=139.51712036, RMSE_E_per_atom= 3386.89 meV, RMSE_F=   35.78 meV / A
2026-09-02 09:06:30.514 INFO: Epoch 20: batch 208/208 (100.0%), loss=7914.08154297, step_time=0.193s
2026-09-02 09:06:32.009 INFO: Epoch 20: head: Default, loss=136.77961731, RMSE_E_per_atom= 3389.96 meV, RMSE_F=   35.40 meV / A
2026-09-02 09:07:17.160 INFO: Epoch 21: batch 208/208 (100.0%), loss=2865.12841797, step_time=0.234s
2026-09-02 09:07:18.885 INFO: Epoch 21: head: Default, loss=131.47230530, RMSE_E_per_atom= 3387.50 meV, RMSE_F=   34.64 meV / A
2026-09-02 09:07:58.516 INFO: Epoch 22: batch 208/208 (100.0%), loss=6136.24755859, step_time=0.210s
2026-09-02 09:08:00.050 INFO: Epoch 22: head: Default, loss=128.69267273, RMSE_E_per_atom= 3388.29 meV, RMSE_F=   34.24 meV / A
2026-09-02 09:08:43.661 INFO: Epoch 23: batch 208/208 (100.0%), loss=1879.98095703, step_time=0.196s
2026-09-02 09:08:45.222 INFO: Epoch 23: head: Default, loss=126.13900757, RMSE_E_per_atom= 3381.88 meV, RMSE_F=   33.87 meV / A
2026-09-02 09:09:24.892 INFO: Epoch 24: batch 208/208 (100.0%), loss=4397.45361328, step_time=0.188s
2026-09-02 09:09:26.489 INFO: Epoch 24: head: Default, loss=124.45006561, RMSE_E_per_atom= 3380.25 meV, RMSE_F=   33.62 meV / A
2026-09-02 09:10:09.487 INFO: Epoch 25: batch 208/208 (100.0%), loss=4785.21337891, step_time=0.210s
2026-09-02 09:10:10.800 INFO: Epoch 25: head: Default, loss=127.07080078, RMSE_E_per_atom= 3375.36 meV, RMSE_F=   34.01 meV / A
2026-09-02 09:10:51.920 INFO: Epoch 26: batch 208/208 (100.0%), loss=3673.66674805, step_time=0.200s
2026-09-02 09:10:53.434 INFO: Epoch 26: head: Default, loss=126.32192993, RMSE_E_per_atom= 3368.02 meV, RMSE_F=   33.91 meV / A
2026-09-02 09:11:36.102 INFO: Epoch 27: batch 208/208 (100.0%), loss=244.81904602, step_time=0.210s
2026-09-02 09:11:37.816 INFO: Epoch 27: head: Default, loss=125.32182312, RMSE_E_per_atom= 3360.48 meV, RMSE_F=   33.77 meV / A
2026-09-02 09:12:19.228 INFO: Epoch 28: batch 208/208 (100.0%), loss=575.04589844, step_time=0.215s
2026-09-02 09:12:20.808 INFO: Epoch 28: head: Default, loss=125.15364075, RMSE_E_per_atom= 3354.60 meV, RMSE_F=   33.75 meV / A
2026-09-02 09:13:04.476 INFO: Epoch 29: batch 208/208 (100.0%), loss=2020.82299805, step_time=0.196s
2026-09-02 09:13:05.997 INFO: Epoch 29: head: Default, loss=123.64855957, RMSE_E_per_atom= 3352.77 meV, RMSE_F=   33.53 meV / A
2026-09-02 09:13:41.101 INFO: Epoch 30: batch 208/208 (100.0%), loss=272.75814819, step_time=0.096s
2026-09-02 09:13:42.356 INFO: Epoch 30: head: Default, loss=120.56523132, RMSE_E_per_atom= 3343.84 meV, RMSE_F=   33.07 meV / A
2026-09-02 09:14:23.447 INFO: Epoch 31: batch 208/208 (100.0%), loss=4668.50146484, step_time=0.199s
2026-09-02 09:14:24.767 INFO: Epoch 31: head: Default, loss=120.19538116, RMSE_E_per_atom= 3339.71 meV, RMSE_F=   33.02 meV / A
2026-09-02 09:15:08.105 INFO: Epoch 32: batch 208/208 (100.0%), loss=3254.81127930, step_time=0.185s
2026-09-02 09:15:09.666 INFO: Epoch 32: head: Default, loss=120.04882812, RMSE_E_per_atom= 3335.25 meV, RMSE_F=   33.00 meV / A
2026-09-02 09:15:53.623 INFO: Epoch 33: batch 208/208 (100.0%), loss=1833.32580566, step_time=0.207s
2026-09-02 09:15:54.857 INFO: Epoch 33: head: Default, loss=122.55546570, RMSE_E_per_atom= 3332.44 meV, RMSE_F=   33.38 meV / A
2026-09-02 09:16:35.067 INFO: Epoch 34: batch 208/208 (100.0%), loss=4333.09863281, step_time=0.226s
