cuequivariance or cuequivariance_torch is not available. Cuequivariance acceleration will be disabled.
2026-09-02 09:24:29.993 INFO: ===========VERIFYING SETTINGS===========
2026-09-02 09:24:30.222 INFO: Process group initialized: True
2026-09-02 09:24:30.223 INFO: Processes: 2
2026-09-02 09:24:30.223 INFO: MACE version: 0.3.16
2026-09-02 09:24:30.223 INFO: CUDA version: 12.8, CUDA device: 0
2026-09-02 09:24:30.309 INFO: Using Polar foundation model polar-1-s as initial checkpoint.
Using MACE-Polar model for MACECalculator with /home/kevinsh/mlip/outputsfull/.cache/mace/MACEPOLAR1Smodel
2026-09-02 09:24:30.442 INFO: ===========LOADING INPUT DATA===========
2026-09-02 09:24:30.443 INFO: Using heads: ['Default']
2026-09-02 09:24:30.443 INFO: Using the key specifications to parse data:
2026-09-02 09:24:30.443 INFO: Default: KeySpecification(info_keys={'energy': 'REF_energy', 'stress': 'REF_stress', 'virials': 'REF_virials', 'dipole': 'dipole', 'head': 'head', 'elec_temp': 'elec_temp', 'total_charge': 'charge', 'polarizability': 'polarizability', 'total_spin': 'spin'}, arrays_keys={'forces': 'REF_forces', 'charges': 'REF_charges'})
2026-09-02 09:24:30.443 INFO: =============    Processing head Default     ===========
2026-09-02 09:24:30.510 INFO: Training set 1/1 [energy: 417, stress: 0, virials: 0, dipole components: 0, head: 417, elec_temp: 0, total_charge: 417, polarizability: 0, total_spin: 417, forces: 417, charges: 0]
2026-09-02 09:24:30.512 INFO: Total Training set [energy: 417, stress: 0, virials: 0, dipole components: 0, head: 417, elec_temp: 0, total_charge: 417, polarizability: 0, total_spin: 417, forces: 417, charges: 0]
2026-09-02 09:24:30.521 INFO: Validation set 1/1 [energy: 23, stress: 0, virials: 0, dipole components: 0, head: 23, elec_temp: 0, total_charge: 23, polarizability: 0, total_spin: 23, forces: 23, charges: 0]
2026-09-02 09:24:30.521 INFO: Total Validation set [energy: 23, stress: 0, virials: 0, dipole components: 0, head: 23, elec_temp: 0, total_charge: 23, polarizability: 0, total_spin: 23, forces: 23, charges: 0]
2026-09-02 09:24:30.522 INFO: Total number of configurations: train=417, valid=23, tests=[],
2026-09-02 09:24:30.522 INFO: Using atomic numbers from command line argument
2026-09-02 09:24:30.522 INFO: Atomic Numbers used: [1, 7, 8, 16]
2026-09-02 09:24:30.522 INFO: Estimating E0s from foundation model predictions on training data
2026-09-02 09:24:30.524 INFO: Estimating E0s using foundation model on 417 configurations with 4 elements
2026-09-02 09:24:40.088 INFO: ================================================================================
2026-09-02 09:24:40.089 INFO: E0 ESTIMATION FROM FOUNDATION MODEL
2026-09-02 09:24:40.089 INFO: ================================================================================
2026-09-02 09:24:40.089 INFO: Rank of system: 2/4
2026-09-02 09:24:40.089 INFO: Residuals: []
2026-09-02 09:24:40.089 INFO: Element 1: foundation E0 = -15.990004 eV, correction = 2.074537 eV, new E0 = -13.915467 eV
2026-09-02 09:24:40.089 INFO: Element 7: foundation E0 = -1490.378174 eV, correction = 3.855228 eV, new E0 = -1486.522946 eV
2026-09-02 09:24:40.089 INFO: Element 8: foundation E0 = -2047.592529 eV, correction = -4.745573 eV, new E0 = -2052.338103 eV
2026-09-02 09:24:40.089 INFO: Element 16: foundation E0 = -10835.086914 eV, correction = 0.000000 eV, new E0 = -10835.086914 eV
2026-09-02 09:24:40.089 INFO: ================================================================================
2026-09-02 09:24:40.089 INFO: FIT STATISTICS
2026-09-02 09:24:40.089 INFO: ================================================================================
2026-09-02 09:24:40.089 INFO: RMSE before E0 correction: 16.202988 eV
2026-09-02 09:24:40.089 INFO: RMSE after E0 correction:  8.544719 eV
2026-09-02 09:24:40.089 INFO: MAE before E0 correction:  7.792316 eV
2026-09-02 09:24:40.089 INFO: MAE after E0 correction:   4.956354 eV
2026-09-02 09:24:40.089 WARNING: System is rank deficient (rank 2/4). Some elements may not be sufficiently represented in the dataset.
2026-09-02 09:24:40.089 INFO: ================================================================================
2026-09-02 09:24:40.090 INFO: Atomic Energies used (z: eV) for head Default: {1: -13.915466678190102, 7: -1486.5229458658482, 8: -2052.3381027864775, 16: -10835.0869140625}
2026-09-02 09:24:40.090 INFO: Processing datasets for head 'Default'
2026-09-02 09:24:40.486 INFO: Combining 1 list datasets for head 'Default'
2026-09-02 09:24:40.492 INFO: Combining 1 list datasets for head 'Default_valid'
2026-09-02 09:24:40.493 INFO: Combined validation datasets for Default
2026-09-02 09:24:40.493 INFO: Head 'Default' training dataset size: 417
2026-09-02 09:24:40.493 INFO: Computing average number of neighbors
2026-09-02 09:25:59.650 INFO: Average number of neighbors: 22.66477394104004
2026-09-02 09:25:59.650 INFO: During training the following quantities will be reported: energy, forces
2026-09-02 09:25:59.650 INFO: ===========MODEL DETAILS===========
2026-09-02 09:26:02.441 INFO: Loading FOUNDATION model
2026-09-02 09:26:02.442 INFO: Using filtered elements: [1, 7, 8, 16]
2026-09-02 09:26:02.442 INFO: Model configuration extracted from foundation model
2026-09-02 09:26:02.442 INFO: Using weighted loss function for fine-tuning
2026-09-02 09:26:02.442 INFO: Message passing with hidden irreps 512x0e)
2026-09-02 09:26:02.442 INFO: 1 layers, each with correlation order: 3 (body order: 4) and spherical harmonics up to: l=3
2026-09-02 09:26:02.442 INFO: Radial cutoff: 6.0 A (total receptive field for each atom: 6.0 A)
2026-09-02 09:26:02.442 INFO: Distance transform for radial basis functions: None
2026-09-02 09:26:04.075 INFO: ===========OPTIMIZER INFORMATION===========
2026-09-02 09:26:04.075 INFO: Using ADAM as parameter optimizer
2026-09-02 09:26:04.076 INFO: Batch size: 1
2026-09-02 09:26:04.076 INFO: Using Exponential Moving Average with decay: 0.99999
2026-09-02 09:26:04.076 INFO: Number of gradient updates: 83400
2026-09-02 09:26:04.076 INFO: Learning rate: 0.01, weight decay: 5e-07
2026-09-02 09:26:04.076 INFO: WeightedEnergyForcesLoss(energy_weight=0.001, forces_weight=100.000)
2026-09-02 09:26:04.076 INFO: === Layer's learning rates ===
2026-09-02 09:26:04.077 INFO: Param group 0: lr = 0.01
2026-09-02 09:26:04.077 INFO: Param group 1: lr = 0.01
2026-09-02 09:26:04.077 INFO: Param group 2: lr = 0.01
2026-09-02 09:26:04.077 INFO: Param group 3: lr = 0.01
2026-09-02 09:26:04.077 INFO: Param group 4: lr = 0.01
2026-09-02 09:26:04.224 INFO: Using gradient clipping with tolerance=10.000
2026-09-02 09:26:04.224 INFO: 
2026-09-02 09:26:04.224 INFO: ===========TRAINING===========
2026-09-02 09:26:04.225 INFO: Started training, reporting errors on validation set
2026-09-02 09:26:04.225 INFO: Loss metrics on validation set
2026-09-02 09:26:11.742 INFO: Initial: head: Default, loss=0.01456704, RMSE_E_per_atom=  199.07 meV, RMSE_F=   12.05 meV / A
2026-09-02 09:27:42.632 INFO: Epoch 0: batch 208/208 (100.0%), loss=4.41825199, step_time=0.138s
2026-09-02 09:27:44.164 INFO: Epoch 0: head: Default, loss=0.79416138, RMSE_E_per_atom=   71.47 meV, RMSE_F=   89.12 meV / A
2026-09-02 09:28:27.978 INFO: Epoch 1: batch 208/208 (100.0%), loss=9.52494621, step_time=0.221s
2026-09-02 09:28:29.398 INFO: Epoch 1: head: Default, loss=0.26992890, RMSE_E_per_atom=   46.17 meV, RMSE_F=   51.95 meV / A
2026-09-02 09:29:12.619 INFO: Epoch 2: batch 208/208 (100.0%), loss=4.75605345, step_time=0.106s
2026-09-02 09:29:13.941 INFO: Epoch 2: head: Default, loss=0.26246163, RMSE_E_per_atom=   69.54 meV, RMSE_F=   51.23 meV / A
2026-09-02 09:29:57.010 INFO: Epoch 3: batch 208/208 (100.0%), loss=0.76701295, step_time=0.260s
2026-09-02 09:29:58.647 INFO: Epoch 3: head: Default, loss=0.19058470, RMSE_E_per_atom=  105.36 meV, RMSE_F=   43.65 meV / A
2026-09-02 09:30:42.873 INFO: Epoch 4: batch 208/208 (100.0%), loss=3.67853403, step_time=0.237s
2026-09-02 09:30:44.491 INFO: Epoch 4: head: Default, loss=0.16629158, RMSE_E_per_atom=  102.59 meV, RMSE_F=   40.78 meV / A
2026-09-02 09:31:27.119 INFO: Epoch 5: batch 208/208 (100.0%), loss=8.53086185, step_time=0.102s
2026-09-02 09:31:28.631 INFO: Epoch 5: head: Default, loss=0.16694309, RMSE_E_per_atom=   89.11 meV, RMSE_F=   40.86 meV / A
2026-09-02 09:32:13.049 INFO: Epoch 6: batch 208/208 (100.0%), loss=0.79577309, step_time=0.197s
2026-09-02 09:32:14.712 INFO: Epoch 6: head: Default, loss=0.16332382, RMSE_E_per_atom=   64.57 meV, RMSE_F=   40.41 meV / A
2026-09-02 09:32:59.737 INFO: Epoch 7: batch 208/208 (100.0%), loss=7.71971369, step_time=0.104s
2026-09-02 09:33:01.149 INFO: Epoch 7: head: Default, loss=0.14210646, RMSE_E_per_atom=   65.90 meV, RMSE_F=   37.70 meV / A
2026-09-02 09:33:42.806 INFO: Epoch 8: batch 208/208 (100.0%), loss=3.66301322, step_time=0.195s
2026-09-02 09:33:44.491 INFO: Epoch 8: head: Default, loss=0.13437752, RMSE_E_per_atom=   84.61 meV, RMSE_F=   36.66 meV / A
2026-09-02 09:34:29.570 INFO: Epoch 9: batch 208/208 (100.0%), loss=1.47670960, step_time=0.190s
2026-09-02 09:34:31.027 INFO: Epoch 9: head: Default, loss=0.12560414, RMSE_E_per_atom=   61.89 meV, RMSE_F=   35.44 meV / A
2026-09-02 09:35:12.768 INFO: Epoch 10: batch 208/208 (100.0%), loss=7.52016163, step_time=0.190s
2026-09-02 09:35:14.127 INFO: Epoch 10: head: Default, loss=0.12103900, RMSE_E_per_atom=   59.15 meV, RMSE_F=   34.79 meV / A
2026-09-02 09:35:59.598 INFO: Epoch 11: batch 208/208 (100.0%), loss=11.52712059, step_time=0.203s
2026-09-02 09:36:01.472 INFO: Epoch 11: head: Default, loss=0.11887917, RMSE_E_per_atom=   64.72 meV, RMSE_F=   34.48 meV / A
2026-09-02 09:36:43.601 INFO: Epoch 12: batch 208/208 (100.0%), loss=4.20225906, step_time=0.110s
2026-09-02 09:36:44.862 INFO: Epoch 12: head: Default, loss=0.12198328, RMSE_E_per_atom=   51.76 meV, RMSE_F=   34.93 meV / A
2026-09-02 09:37:29.552 INFO: Epoch 13: batch 208/208 (100.0%), loss=2.33075619, step_time=0.195s
2026-09-02 09:37:31.130 INFO: Epoch 13: head: Default, loss=0.12494913, RMSE_E_per_atom=   52.21 meV, RMSE_F=   35.35 meV / A
2026-09-02 09:38:15.291 INFO: Epoch 14: batch 208/208 (100.0%), loss=0.24195126, step_time=0.226s
2026-09-02 09:38:16.823 INFO: Epoch 14: head: Default, loss=0.12038951, RMSE_E_per_atom=   46.66 meV, RMSE_F=   34.70 meV / A
2026-09-02 09:38:58.708 INFO: Epoch 15: batch 208/208 (100.0%), loss=4.81983566, step_time=0.186s
2026-09-02 09:39:00.251 INFO: Epoch 15: head: Default, loss=0.12338896, RMSE_E_per_atom=   47.03 meV, RMSE_F=   35.13 meV / A
2026-09-02 09:39:42.578 INFO: Epoch 16: batch 208/208 (100.0%), loss=0.55987161, step_time=0.154s
2026-09-02 09:39:44.132 INFO: Epoch 16: head: Default, loss=0.12268233, RMSE_E_per_atom=   45.10 meV, RMSE_F=   35.03 meV / A
2026-09-02 09:40:29.329 INFO: Epoch 17: batch 208/208 (100.0%), loss=6.96149588, step_time=0.230s
2026-09-02 09:40:31.036 INFO: Epoch 17: head: Default, loss=0.12127941, RMSE_E_per_atom=   35.97 meV, RMSE_F=   34.83 meV / A
2026-09-02 09:41:13.953 INFO: Epoch 18: batch 208/208 (100.0%), loss=2.05604029, step_time=0.187s
2026-09-02 09:41:15.566 INFO: Epoch 18: head: Default, loss=0.11828390, RMSE_E_per_atom=   31.02 meV, RMSE_F=   34.39 meV / A
2026-09-02 09:41:58.484 INFO: Epoch 19: batch 208/208 (100.0%), loss=4.03203106, step_time=0.216s
2026-09-02 09:41:59.998 INFO: Epoch 19: head: Default, loss=0.11577109, RMSE_E_per_atom=   33.20 meV, RMSE_F=   34.02 meV / A
2026-09-02 09:42:43.711 INFO: Epoch 20: batch 208/208 (100.0%), loss=8.02920723, step_time=0.212s
2026-09-02 09:42:45.313 INFO: Epoch 20: head: Default, loss=0.11453810, RMSE_E_per_atom=   31.36 meV, RMSE_F=   33.84 meV / A
2026-09-02 09:43:23.783 INFO: Epoch 21: batch 208/208 (100.0%), loss=1.13406432, step_time=0.196s
2026-09-02 09:43:25.257 INFO: Epoch 21: head: Default, loss=0.11247206, RMSE_E_per_atom=   31.18 meV, RMSE_F=   33.54 meV / A
2026-09-02 09:44:09.210 INFO: Epoch 22: batch 208/208 (100.0%), loss=5.29091215, step_time=0.193s
2026-09-02 09:44:10.410 INFO: Epoch 22: head: Default, loss=0.11271200, RMSE_E_per_atom=   27.30 meV, RMSE_F=   33.57 meV / A
2026-09-02 09:44:54.387 INFO: Epoch 23: batch 208/208 (100.0%), loss=1.87307310, step_time=0.175s
2026-09-02 09:44:56.054 INFO: Epoch 23: head: Default, loss=0.11618228, RMSE_E_per_atom=   26.62 meV, RMSE_F=   34.09 meV / A
2026-09-02 09:45:40.172 INFO: Epoch 24: batch 208/208 (100.0%), loss=1.77512825, step_time=0.216s
2026-09-02 09:45:41.677 INFO: Epoch 24: head: Default, loss=0.11534864, RMSE_E_per_atom=   20.65 meV, RMSE_F=   33.96 meV / A
2026-09-02 09:46:27.234 INFO: Epoch 25: batch 208/208 (100.0%), loss=4.49103880, step_time=0.203s
2026-09-02 09:46:28.826 INFO: Epoch 25: head: Default, loss=0.11402156, RMSE_E_per_atom=   18.79 meV, RMSE_F=   33.77 meV / A
2026-09-02 09:47:10.018 INFO: Epoch 26: batch 208/208 (100.0%), loss=2.80116153, step_time=0.242s
2026-09-02 09:47:11.743 INFO: Epoch 26: head: Default, loss=0.11488895, RMSE_E_per_atom=   18.04 meV, RMSE_F=   33.90 meV / A
2026-09-02 09:47:54.151 INFO: Epoch 27: batch 208/208 (100.0%), loss=1.46552086, step_time=0.192s
2026-09-02 09:47:55.671 INFO: Epoch 27: head: Default, loss=0.11551415, RMSE_E_per_atom=   10.22 meV, RMSE_F=   33.99 meV / A
2026-09-02 09:48:36.708 INFO: Epoch 28: batch 208/208 (100.0%), loss=0.12825742, step_time=0.224s
2026-09-02 09:48:38.241 INFO: Epoch 28: head: Default, loss=0.11768877, RMSE_E_per_atom=    3.75 meV, RMSE_F=   34.31 meV / A
2026-09-02 09:49:21.890 INFO: Epoch 29: batch 208/208 (100.0%), loss=2.06725287, step_time=0.192s
2026-09-02 09:49:23.610 INFO: Epoch 29: head: Default, loss=0.12236731, RMSE_E_per_atom=    1.87 meV, RMSE_F=   34.98 meV / A
2026-09-02 09:50:04.588 INFO: Epoch 30: batch 208/208 (100.0%), loss=2.35499763, step_time=0.106s
2026-09-02 09:50:06.137 INFO: Epoch 30: head: Default, loss=0.11952979, RMSE_E_per_atom=    1.74 meV, RMSE_F=   34.57 meV / A
2026-09-02 09:50:51.114 INFO: Epoch 31: batch 208/208 (100.0%), loss=4.11812830, step_time=0.212s
2026-09-02 09:50:52.491 INFO: Epoch 31: head: Default, loss=0.11757950, RMSE_E_per_atom=    5.34 meV, RMSE_F=   34.29 meV / A
2026-09-02 09:51:36.563 INFO: Epoch 32: batch 208/208 (100.0%), loss=2.70245385, step_time=0.214s
2026-09-02 09:51:38.181 INFO: Epoch 32: head: Default, loss=0.11519746, RMSE_E_per_atom=   11.47 meV, RMSE_F=   33.94 meV / A
2026-09-02 09:52:17.348 INFO: Epoch 33: batch 208/208 (100.0%), loss=1.46162438, step_time=0.112s
2026-09-02 09:52:18.824 INFO: Epoch 33: head: Default, loss=0.11597493, RMSE_E_per_atom=   10.33 meV, RMSE_F=   34.06 meV / A
2026-09-02 09:53:03.424 INFO: Epoch 34: batch 208/208 (100.0%), loss=4.67715836, step_time=0.208s
2026-09-02 09:53:04.995 INFO: Epoch 34: head: Default, loss=0.11633703, RMSE_E_per_atom=    7.47 meV, RMSE_F=   34.11 meV / A
2026-09-02 09:53:47.609 INFO: Epoch 35: batch 208/208 (100.0%), loss=1.38637006, step_time=0.154s
2026-09-02 09:53:48.944 INFO: Epoch 35: head: Default, loss=0.11718667, RMSE_E_per_atom=    8.54 meV, RMSE_F=   34.23 meV / A
2026-09-02 09:54:30.570 INFO: Epoch 36: batch 208/208 (100.0%), loss=1.73853517, step_time=0.181s
2026-09-02 09:54:32.304 INFO: Epoch 36: head: Default, loss=0.11728911, RMSE_E_per_atom=   13.37 meV, RMSE_F=   34.25 meV / A
2026-09-02 09:55:17.011 INFO: Epoch 37: batch 208/208 (100.0%), loss=1.98872769, step_time=0.185s
2026-09-02 09:55:18.425 INFO: Epoch 37: head: Default, loss=0.11712965, RMSE_E_per_atom=   13.77 meV, RMSE_F=   34.22 meV / A
2026-09-02 09:55:58.775 INFO: Epoch 38: batch 208/208 (100.0%), loss=3.45164871, step_time=0.204s
2026-09-02 09:56:00.380 INFO: Epoch 38: head: Default, loss=0.11825801, RMSE_E_per_atom=   15.89 meV, RMSE_F=   34.39 meV / A
2026-09-02 09:56:41.712 INFO: Epoch 39: batch 208/208 (100.0%), loss=3.93096042, step_time=0.205s
2026-09-02 09:56:43.047 INFO: Epoch 39: head: Default, loss=0.11910655, RMSE_E_per_atom=   16.98 meV, RMSE_F=   34.51 meV / A
2026-09-02 09:57:20.395 INFO: Epoch 40: batch 208/208 (100.0%), loss=1.53452313, step_time=0.197s
2026-09-02 09:57:22.089 INFO: Epoch 40: head: Default, loss=0.11891265, RMSE_E_per_atom=   20.87 meV, RMSE_F=   34.48 meV / A
2026-09-02 09:58:05.798 INFO: Epoch 41: batch 208/208 (100.0%), loss=0.34473780, step_time=0.095s
2026-09-02 09:58:07.363 INFO: Epoch 41: head: Default, loss=0.12062895, RMSE_E_per_atom=   19.67 meV, RMSE_F=   34.73 meV / A
2026-09-02 09:58:50.598 INFO: Epoch 42: batch 208/208 (100.0%), loss=0.81366444, step_time=0.229s
2026-09-02 09:58:52.166 INFO: Epoch 42: head: Default, loss=0.12090766, RMSE_E_per_atom=   21.89 meV, RMSE_F=   34.77 meV / A
2026-09-02 09:59:34.150 INFO: Epoch 43: batch 208/208 (100.0%), loss=1.69410157, step_time=0.141s
2026-09-02 09:59:35.815 INFO: Epoch 43: head: Default, loss=0.12122955, RMSE_E_per_atom=   24.43 meV, RMSE_F=   34.82 meV / A
2026-09-02 10:00:17.000 INFO: Epoch 44: batch 208/208 (100.0%), loss=0.19461894, step_time=0.223s
2026-09-02 10:00:18.413 INFO: Epoch 44: head: Default, loss=0.12072704, RMSE_E_per_atom=   26.55 meV, RMSE_F=   34.75 meV / A
2026-09-02 10:01:01.633 INFO: Epoch 45: batch 208/208 (100.0%), loss=2.14393163, step_time=0.200s
2026-09-02 10:01:03.218 INFO: Epoch 45: head: Default, loss=0.12300204, RMSE_E_per_atom=   29.62 meV, RMSE_F=   35.07 meV / A
2026-09-02 10:01:44.119 INFO: Epoch 46: batch 208/208 (100.0%), loss=3.86044598, step_time=0.210s
2026-09-02 10:01:45.523 INFO: Epoch 46: head: Default, loss=0.12355821, RMSE_E_per_atom=   31.32 meV, RMSE_F=   35.15 meV / A
2026-09-02 10:02:29.221 INFO: Epoch 47: batch 208/208 (100.0%), loss=3.23834682, step_time=0.198s
2026-09-02 10:02:30.450 INFO: Epoch 47: head: Default, loss=0.12437582, RMSE_E_per_atom=   32.21 meV, RMSE_F=   35.27 meV / A
2026-09-02 10:03:15.780 INFO: Epoch 48: batch 208/208 (100.0%), loss=3.33281660, step_time=0.190s
2026-09-02 10:03:17.461 INFO: Epoch 48: head: Default, loss=0.12465465, RMSE_E_per_atom=   34.45 meV, RMSE_F=   35.31 meV / A
2026-09-02 10:04:00.527 INFO: Epoch 49: batch 208/208 (100.0%), loss=0.45889872, step_time=0.190s
2026-09-02 10:04:02.129 INFO: Epoch 49: head: Default, loss=0.12531877, RMSE_E_per_atom=   33.99 meV, RMSE_F=   35.40 meV / A
2026-09-02 10:04:38.502 INFO: Epoch 50: batch 208/208 (100.0%), loss=0.26908386, step_time=0.222s
2026-09-02 10:04:39.827 INFO: Epoch 50: head: Default, loss=0.12610029, RMSE_E_per_atom=   35.40 meV, RMSE_F=   35.51 meV / A
2026-09-02 10:05:20.571 INFO: Epoch 51: batch 208/208 (100.0%), loss=2.02360082, step_time=0.184s
2026-09-02 10:05:21.921 INFO: Epoch 51: head: Default, loss=0.12778492, RMSE_E_per_atom=   35.66 meV, RMSE_F=   35.75 meV / A
2026-09-02 10:06:04.353 INFO: Epoch 52: batch 208/208 (100.0%), loss=0.34222603, step_time=0.152s
2026-09-02 10:06:05.862 INFO: Epoch 52: head: Default, loss=0.12780318, RMSE_E_per_atom=   38.41 meV, RMSE_F=   35.75 meV / A
2026-09-02 10:06:49.987 INFO: Epoch 53: batch 208/208 (100.0%), loss=2.01883316, step_time=0.201s
2026-09-02 10:06:51.195 INFO: Epoch 53: head: Default, loss=0.12759922, RMSE_E_per_atom=   40.63 meV, RMSE_F=   35.72 meV / A
2026-09-02 10:07:33.751 INFO: Epoch 54: batch 208/208 (100.0%), loss=0.20516865, step_time=0.112s
2026-09-02 10:07:35.235 INFO: Epoch 54: head: Default, loss=0.12764657, RMSE_E_per_atom=   42.44 meV, RMSE_F=   35.73 meV / A
2026-09-02 10:08:20.372 INFO: Epoch 55: batch 208/208 (100.0%), loss=0.26567069, step_time=0.207s
2026-09-02 10:08:21.912 INFO: Epoch 55: head: Default, loss=0.12704092, RMSE_E_per_atom=   43.52 meV, RMSE_F=   35.64 meV / A
2026-09-02 10:09:05.600 INFO: Epoch 56: batch 208/208 (100.0%), loss=5.82575512, step_time=0.191s
2026-09-02 10:09:07.212 INFO: Epoch 56: head: Default, loss=0.12879702, RMSE_E_per_atom=   45.00 meV, RMSE_F=   35.89 meV / A
2026-09-02 10:09:48.489 INFO: Epoch 57: batch 208/208 (100.0%), loss=0.82804853, step_time=0.102s
2026-09-02 10:09:50.048 INFO: Epoch 57: head: Default, loss=0.12928182, RMSE_E_per_atom=   45.13 meV, RMSE_F=   35.96 meV / A
2026-09-02 10:10:33.917 INFO: Epoch 58: batch 208/208 (100.0%), loss=0.23363473, step_time=0.209s
2026-09-02 10:10:35.536 INFO: Epoch 58: head: Default, loss=0.13019457, RMSE_E_per_atom=   46.77 meV, RMSE_F=   36.08 meV / A
2026-09-02 10:11:17.282 INFO: Epoch 59: batch 208/208 (100.0%), loss=1.14159524, step_time=0.207s
2026-09-02 10:11:19.083 INFO: Epoch 59: head: Default, loss=0.13057567, RMSE_E_per_atom=   46.15 meV, RMSE_F=   36.13 meV / A
2026-09-02 10:12:00.962 INFO: Epoch 60: batch 208/208 (100.0%), loss=2.48582172, step_time=0.095s
2026-09-02 10:12:02.409 INFO: Epoch 60: head: Default, loss=0.13137211, RMSE_E_per_atom=   47.88 meV, RMSE_F=   36.24 meV / A
2026-09-02 10:12:43.872 INFO: Epoch 61: batch 208/208 (100.0%), loss=0.82457751, step_time=0.090s
2026-09-02 10:12:45.402 INFO: Epoch 61: head: Default, loss=0.13155338, RMSE_E_per_atom=   51.83 meV, RMSE_F=   36.27 meV / A
2026-09-02 10:13:27.272 INFO: Epoch 62: batch 208/208 (100.0%), loss=1.23320568, step_time=0.061s
2026-09-02 10:13:28.517 INFO: Epoch 62: head: Default, loss=0.13176210, RMSE_E_per_atom=   51.98 meV, RMSE_F=   36.30 meV / A
2026-09-02 10:14:10.153 INFO: Epoch 63: batch 208/208 (100.0%), loss=2.35611939, step_time=0.194s
2026-09-02 10:14:12.077 INFO: Epoch 63: head: Default, loss=0.13286692, RMSE_E_per_atom=   53.51 meV, RMSE_F=   36.45 meV / A
2026-09-02 10:14:53.929 INFO: Epoch 64: batch 208/208 (100.0%), loss=1.26355374, step_time=0.184s
2026-09-02 10:14:55.433 INFO: Epoch 64: head: Default, loss=0.13285500, RMSE_E_per_atom=   54.37 meV, RMSE_F=   36.45 meV / A
2026-09-02 10:15:37.847 INFO: Epoch 65: batch 208/208 (100.0%), loss=1.49557984, step_time=0.187s
2026-09-02 10:15:39.869 INFO: Epoch 65: head: Default, loss=0.13317341, RMSE_E_per_atom=   56.05 meV, RMSE_F=   36.49 meV / A
2026-09-02 10:16:18.991 INFO: Epoch 66: batch 208/208 (100.0%), loss=2.59141183, step_time=0.185s
2026-09-02 10:16:20.552 INFO: Epoch 66: head: Default, loss=0.13333057, RMSE_E_per_atom=   55.76 meV, RMSE_F=   36.51 meV / A
2026-09-02 10:16:59.507 INFO: Epoch 67: batch 208/208 (100.0%), loss=1.22614133, step_time=0.143s
2026-09-02 10:17:00.916 INFO: Epoch 67: head: Default, loss=0.13354588, RMSE_E_per_atom=   58.36 meV, RMSE_F=   36.54 meV / A
2026-09-02 10:17:45.077 INFO: Epoch 68: batch 208/208 (100.0%), loss=0.21223548, step_time=0.230s
2026-09-02 10:17:46.040 INFO: Epoch 68: head: Default, loss=0.13351113, RMSE_E_per_atom=   61.56 meV, RMSE_F=   36.54 meV / A
2026-09-02 10:18:29.352 INFO: Epoch 69: batch 208/208 (100.0%), loss=0.54818380, step_time=0.217s
2026-09-02 10:18:30.936 INFO: Epoch 69: head: Default, loss=0.13297836, RMSE_E_per_atom=   62.58 meV, RMSE_F=   36.47 meV / A
2026-09-02 10:19:09.858 INFO: Epoch 70: batch 208/208 (100.0%), loss=1.64612627, step_time=0.214s
2026-09-02 10:19:11.363 INFO: Epoch 70: head: Default, loss=0.13243577, RMSE_E_per_atom=   65.17 meV, RMSE_F=   36.39 meV / A
2026-09-02 10:19:56.166 INFO: Epoch 71: batch 208/208 (100.0%), loss=0.14530039, step_time=0.245s
2026-09-02 10:19:57.406 INFO: Epoch 71: head: Default, loss=0.13275281, RMSE_E_per_atom=   66.00 meV, RMSE_F=   36.43 meV / A
2026-09-02 10:20:36.202 INFO: Epoch 72: batch 208/208 (100.0%), loss=0.92000282, step_time=0.204s
2026-09-02 10:20:37.901 INFO: Epoch 72: head: Default, loss=0.13307123, RMSE_E_per_atom=   67.70 meV, RMSE_F=   36.48 meV / A
2026-09-02 10:21:20.971 INFO: Epoch 73: batch 208/208 (100.0%), loss=0.46137941, step_time=0.130s
2026-09-02 10:21:22.455 INFO: Epoch 73: head: Default, loss=0.13341480, RMSE_E_per_atom=   68.68 meV, RMSE_F=   36.53 meV / A
2026-09-02 10:22:03.358 INFO: Epoch 74: batch 208/208 (100.0%), loss=0.09840752, step_time=0.075s
2026-09-02 10:22:04.708 INFO: Epoch 74: head: Default, loss=0.13414253, RMSE_E_per_atom=   70.18 meV, RMSE_F=   36.62 meV / A
2026-09-02 10:22:48.019 INFO: Epoch 75: batch 208/208 (100.0%), loss=0.64458889, step_time=0.187s
2026-09-02 10:22:49.610 INFO: Epoch 75: head: Default, loss=0.13478775, RMSE_E_per_atom=   72.97 meV, RMSE_F=   36.71 meV / A
2026-09-02 10:23:28.318 INFO: Epoch 76: batch 208/208 (100.0%), loss=1.07651150, step_time=0.094s
2026-09-02 10:23:29.680 INFO: Epoch 76: head: Default, loss=0.13515377, RMSE_E_per_atom=   74.60 meV, RMSE_F=   36.76 meV / A
2026-09-02 10:24:13.680 INFO: Epoch 77: batch 208/208 (100.0%), loss=0.26659602, step_time=0.161s
2026-09-02 10:24:15.330 INFO: Epoch 77: head: Default, loss=0.13497934, RMSE_E_per_atom=   74.90 meV, RMSE_F=   36.74 meV / A
2026-09-02 10:24:58.242 INFO: Epoch 78: batch 208/208 (100.0%), loss=0.59119439, step_time=0.091s
2026-09-02 10:24:59.715 INFO: Epoch 78: head: Default, loss=0.13477954, RMSE_E_per_atom=   75.27 meV, RMSE_F=   36.71 meV / A
2026-09-02 10:25:39.325 INFO: Epoch 79: batch 208/208 (100.0%), loss=1.60981357, step_time=0.142s
2026-09-02 10:25:41.010 INFO: Epoch 79: head: Default, loss=0.13510501, RMSE_E_per_atom=   75.79 meV, RMSE_F=   36.76 meV / A
2026-09-02 10:26:24.988 INFO: Epoch 80: batch 208/208 (100.0%), loss=0.12815973, step_time=0.222s
2026-09-02 10:26:26.567 INFO: Epoch 80: head: Default, loss=0.13572019, RMSE_E_per_atom=   76.30 meV, RMSE_F=   36.84 meV / A
2026-09-02 10:27:08.654 INFO: Epoch 81: batch 208/208 (100.0%), loss=0.19936590, step_time=0.207s
2026-09-02 10:27:09.772 INFO: Epoch 81: head: Default, loss=0.13546258, RMSE_E_per_atom=   77.36 meV, RMSE_F=   36.80 meV / A
2026-09-02 10:27:51.394 INFO: Epoch 82: batch 208/208 (100.0%), loss=0.06561627, step_time=0.214s
2026-09-02 10:27:52.990 INFO: Epoch 82: head: Default, loss=0.13579930, RMSE_E_per_atom=   78.17 meV, RMSE_F=   36.85 meV / A
2026-09-02 10:28:35.475 INFO: Epoch 83: batch 208/208 (100.0%), loss=0.55488086, step_time=0.098s
2026-09-02 10:28:36.305 INFO: Epoch 83: head: Default, loss=0.13598537, RMSE_E_per_atom=   80.34 meV, RMSE_F=   36.88 meV / A
2026-09-02 10:29:11.291 INFO: Epoch 84: batch 208/208 (100.0%), loss=1.05724883, step_time=0.128s
2026-09-02 10:29:13.053 INFO: Epoch 84: head: Default, loss=0.13624868, RMSE_E_per_atom=   81.09 meV, RMSE_F=   36.91 meV / A
2026-09-02 10:29:55.817 INFO: Epoch 85: batch 208/208 (100.0%), loss=0.78187263, step_time=0.138s
2026-09-02 10:29:57.172 INFO: Epoch 85: head: Default, loss=0.13661884, RMSE_E_per_atom=   81.63 meV, RMSE_F=   36.96 meV / A
2026-09-02 10:30:38.962 INFO: Epoch 86: batch 208/208 (100.0%), loss=0.10653222, step_time=0.199s
2026-09-02 10:30:40.638 INFO: Epoch 86: head: Default, loss=0.13650335, RMSE_E_per_atom=   81.63 meV, RMSE_F=   36.95 meV / A
2026-09-02 10:31:20.811 INFO: Epoch 87: batch 208/208 (100.0%), loss=0.50463003, step_time=0.227s
2026-09-02 10:31:22.387 INFO: Epoch 87: head: Default, loss=0.13658723, RMSE_E_per_atom=   81.39 meV, RMSE_F=   36.96 meV / A
2026-09-02 10:32:05.492 INFO: Epoch 88: batch 208/208 (100.0%), loss=0.44255656, step_time=0.212s
2026-09-02 10:32:06.967 INFO: Epoch 88: head: Default, loss=0.13663484, RMSE_E_per_atom=   83.36 meV, RMSE_F=   36.96 meV / A
2026-09-02 10:32:49.884 INFO: Epoch 89: batch 208/208 (100.0%), loss=0.42268297, step_time=0.177s
2026-09-02 10:32:51.528 INFO: Epoch 89: head: Default, loss=0.13659854, RMSE_E_per_atom=   84.79 meV, RMSE_F=   36.96 meV / A
2026-09-02 10:33:33.321 INFO: Epoch 90: batch 208/208 (100.0%), loss=0.14062265, step_time=0.203s
2026-09-02 10:33:34.965 INFO: Epoch 90: head: Default, loss=0.13651659, RMSE_E_per_atom=   84.41 meV, RMSE_F=   36.95 meV / A
2026-09-02 10:34:19.301 INFO: Epoch 91: batch 208/208 (100.0%), loss=0.61352915, step_time=0.212s
2026-09-02 10:34:20.561 INFO: Epoch 91: head: Default, loss=0.13718070, RMSE_E_per_atom=   85.45 meV, RMSE_F=   37.04 meV / A
2026-09-02 10:35:03.765 INFO: Epoch 92: batch 208/208 (100.0%), loss=0.37624365, step_time=0.220s
2026-09-02 10:35:06.367 INFO: Epoch 92: head: Default, loss=0.13745327, RMSE_E_per_atom=   86.09 meV, RMSE_F=   37.07 meV / A
2026-09-02 10:35:46.108 INFO: Epoch 93: batch 208/208 (100.0%), loss=23.21827698, step_time=0.163s
2026-09-02 10:35:47.486 INFO: Epoch 93: head: Default, loss=0.13739167, RMSE_E_per_atom=   87.27 meV, RMSE_F=   37.07 meV / A
2026-09-02 10:36:30.501 INFO: Epoch 94: batch 208/208 (100.0%), loss=0.10311187, step_time=0.176s
2026-09-02 10:36:32.051 INFO: Epoch 94: head: Default, loss=0.13752428, RMSE_E_per_atom=   87.82 meV, RMSE_F=   37.08 meV / A
2026-09-02 10:37:14.665 INFO: Epoch 95: batch 208/208 (100.0%), loss=0.08873050, step_time=0.148s
2026-09-02 10:37:15.870 INFO: Epoch 95: head: Default, loss=0.13731252, RMSE_E_per_atom=   87.21 meV, RMSE_F=   37.05 meV / A
2026-09-02 10:37:59.761 INFO: Epoch 96: batch 208/208 (100.0%), loss=0.18470022, step_time=0.192s
2026-09-02 10:38:01.296 INFO: Epoch 96: head: Default, loss=0.13713902, RMSE_E_per_atom=   86.83 meV, RMSE_F=   37.03 meV / A
2026-09-02 10:38:40.519 INFO: Epoch 97: batch 208/208 (100.0%), loss=0.22280054, step_time=0.140s
2026-09-02 10:38:42.124 INFO: Epoch 97: head: Default, loss=0.13752486, RMSE_E_per_atom=   87.26 meV, RMSE_F=   37.08 meV / A
2026-09-02 10:39:26.719 INFO: Epoch 98: batch 208/208 (100.0%), loss=0.37213001, step_time=0.152s
2026-09-02 10:39:28.197 INFO: Epoch 98: head: Default, loss=0.13789913, RMSE_E_per_atom=   87.72 meV, RMSE_F=   37.13 meV / A
2026-09-02 10:40:10.713 INFO: Epoch 99: batch 208/208 (100.0%), loss=0.59863263, step_time=0.104s
2026-09-02 10:40:11.500 INFO: Epoch 99: head: Default, loss=0.13800718, RMSE_E_per_atom=   88.20 meV, RMSE_F=   37.15 meV / A
2026-09-02 10:40:51.825 INFO: Epoch 100: batch 208/208 (100.0%), loss=0.27631623, step_time=0.187s
2026-09-02 10:40:53.137 INFO: Epoch 100: head: Default, loss=0.13792595, RMSE_E_per_atom=   88.56 meV, RMSE_F=   37.14 meV / A
2026-09-02 10:41:34.969 INFO: Epoch 101: batch 208/208 (100.0%), loss=0.33566514, step_time=0.199s
2026-09-02 10:41:36.772 INFO: Epoch 101: head: Default, loss=0.13843775, RMSE_E_per_atom=   89.61 meV, RMSE_F=   37.21 meV / A
2026-09-02 10:42:16.764 INFO: Epoch 102: batch 208/208 (100.0%), loss=0.26611531, step_time=0.215s
2026-09-02 10:42:18.391 INFO: Epoch 102: head: Default, loss=0.13847436, RMSE_E_per_atom=   90.62 meV, RMSE_F=   37.21 meV / A
2026-09-02 10:43:02.218 INFO: Epoch 103: batch 208/208 (100.0%), loss=0.15502790, step_time=0.212s
2026-09-02 10:43:03.105 INFO: Epoch 103: head: Default, loss=0.13861413, RMSE_E_per_atom=   91.07 meV, RMSE_F=   37.23 meV / A
2026-09-02 10:43:42.962 INFO: Epoch 104: batch 208/208 (100.0%), loss=0.36904898, step_time=0.186s
2026-09-02 10:43:44.500 INFO: Epoch 104: head: Default, loss=0.13857909, RMSE_E_per_atom=   91.68 meV, RMSE_F=   37.23 meV / A
2026-09-02 10:44:29.127 INFO: Epoch 105: batch 208/208 (100.0%), loss=0.28509328, step_time=0.202s
2026-09-02 10:44:30.721 INFO: Epoch 105: head: Default, loss=0.13795267, RMSE_E_per_atom=   91.42 meV, RMSE_F=   37.14 meV / A
2026-09-02 10:45:11.875 INFO: Epoch 106: batch 208/208 (100.0%), loss=0.32270166, step_time=0.230s
2026-09-02 10:45:13.284 INFO: Epoch 106: head: Default, loss=0.13783327, RMSE_E_per_atom=   92.08 meV, RMSE_F=   37.12 meV / A
2026-09-02 10:45:55.862 INFO: Epoch 107: batch 208/208 (100.0%), loss=0.51741147, step_time=0.191s
2026-09-02 10:45:57.288 INFO: Epoch 107: head: Default, loss=0.13814946, RMSE_E_per_atom=   92.14 meV, RMSE_F=   37.17 meV / A
2026-09-02 10:46:27.222 INFO: Epoch 108: batch 208/208 (100.0%), loss=0.28934014, step_time=0.186s
2026-09-02 10:46:28.902 INFO: Epoch 108: head: Default, loss=0.13819788, RMSE_E_per_atom=   93.29 meV, RMSE_F=   37.17 meV / A
2026-09-02 10:47:11.439 INFO: Epoch 109: batch 208/208 (100.0%), loss=0.36151418, step_time=0.210s
2026-09-02 10:47:13.084 INFO: Epoch 109: head: Default, loss=0.13829060, RMSE_E_per_atom=   94.05 meV, RMSE_F=   37.19 meV / A
2026-09-02 10:47:56.084 INFO: Epoch 110: batch 208/208 (100.0%), loss=0.34300908, step_time=0.172s
2026-09-02 10:47:57.684 INFO: Epoch 110: head: Default, loss=0.13843244, RMSE_E_per_atom=   94.49 meV, RMSE_F=   37.21 meV / A
2026-09-02 10:48:43.468 INFO: Epoch 111: batch 208/208 (100.0%), loss=41.83886337, step_time=0.222s
2026-09-02 10:48:45.124 INFO: Epoch 111: head: Default, loss=0.13900588, RMSE_E_per_atom=   94.91 meV, RMSE_F=   37.28 meV / A
2026-09-02 10:49:30.933 INFO: Epoch 112: batch 208/208 (100.0%), loss=0.08789304, step_time=0.168s
2026-09-02 10:49:32.518 INFO: Epoch 112: head: Default, loss=0.13886650, RMSE_E_per_atom=   95.84 meV, RMSE_F=   37.26 meV / A
2026-09-02 10:50:17.511 INFO: Epoch 113: batch 208/208 (100.0%), loss=0.21215902, step_time=0.214s
2026-09-02 10:50:18.897 INFO: Epoch 113: head: Default, loss=0.13889584, RMSE_E_per_atom=   95.71 meV, RMSE_F=   37.27 meV / A
2026-09-02 10:50:58.962 INFO: Epoch 114: batch 208/208 (100.0%), loss=0.32247818, step_time=0.111s
2026-09-02 10:51:00.217 INFO: Epoch 114: head: Default, loss=0.13886632, RMSE_E_per_atom=   95.68 meV, RMSE_F=   37.26 meV / A
2026-09-02 10:51:42.561 INFO: Epoch 115: batch 208/208 (100.0%), loss=0.11989500, step_time=0.178s
2026-09-02 10:51:44.222 INFO: Epoch 115: head: Default, loss=0.13900779, RMSE_E_per_atom=   96.33 meV, RMSE_F=   37.28 meV / A
2026-09-02 10:52:21.471 INFO: Epoch 116: batch 208/208 (100.0%), loss=0.43133289, step_time=0.200s
2026-09-02 10:52:22.905 INFO: Epoch 116: head: Default, loss=0.13933095, RMSE_E_per_atom=   96.62 meV, RMSE_F=   37.33 meV / A
2026-09-02 10:53:02.526 INFO: Epoch 117: batch 208/208 (100.0%), loss=0.27209097, step_time=0.207s
2026-09-02 10:53:04.498 INFO: Epoch 117: head: Default, loss=0.13932580, RMSE_E_per_atom=   96.77 meV, RMSE_F=   37.33 meV / A
2026-09-02 10:53:48.690 INFO: Epoch 118: batch 208/208 (100.0%), loss=0.23741092, step_time=0.104s
2026-09-02 10:53:50.347 INFO: Epoch 118: head: Default, loss=0.13904804, RMSE_E_per_atom=   96.97 meV, RMSE_F=   37.29 meV / A
2026-09-02 10:54:31.520 INFO: Epoch 119: batch 208/208 (100.0%), loss=0.23957400, step_time=0.190s
2026-09-02 10:54:33.229 INFO: Epoch 119: head: Default, loss=0.13930315, RMSE_E_per_atom=   97.73 meV, RMSE_F=   37.32 meV / A
2026-09-02 10:55:17.633 INFO: Epoch 120: batch 208/208 (100.0%), loss=0.09531066, step_time=0.244s
2026-09-02 10:55:18.912 INFO: Epoch 120: head: Default, loss=0.13939494, RMSE_E_per_atom=   97.81 meV, RMSE_F=   37.33 meV / A
2026-09-02 10:56:02.388 INFO: Epoch 121: batch 208/208 (100.0%), loss=0.06554610, step_time=0.126s
2026-09-02 10:56:03.853 INFO: Epoch 121: head: Default, loss=0.13961156, RMSE_E_per_atom=   97.84 meV, RMSE_F=   37.36 meV / A
2026-09-02 10:56:49.017 INFO: Epoch 122: batch 208/208 (100.0%), loss=0.10420936, step_time=0.217s
2026-09-02 10:56:50.611 INFO: Epoch 122: head: Default, loss=0.14012831, RMSE_E_per_atom=   98.16 meV, RMSE_F=   37.43 meV / A
2026-09-02 10:57:29.172 INFO: Epoch 123: batch 208/208 (100.0%), loss=0.26781926, step_time=0.216s
2026-09-02 10:57:30.831 INFO: Epoch 123: head: Default, loss=0.14062355, RMSE_E_per_atom=   98.50 meV, RMSE_F=   37.50 meV / A
2026-09-02 10:58:10.332 INFO: Epoch 124: batch 208/208 (100.0%), loss=0.05580514, step_time=0.200s
2026-09-02 10:58:11.784 INFO: Epoch 124: head: Default, loss=0.14080629, RMSE_E_per_atom=   98.95 meV, RMSE_F=   37.52 meV / A
2026-09-02 10:58:53.979 INFO: Epoch 125: batch 208/208 (100.0%), loss=0.22043656, step_time=0.218s
2026-09-02 10:58:55.439 INFO: Epoch 125: head: Default, loss=0.14123201, RMSE_E_per_atom=   99.30 meV, RMSE_F=   37.58 meV / A
2026-09-02 10:59:37.738 INFO: Epoch 126: batch 208/208 (100.0%), loss=0.40697208, step_time=0.199s
2026-09-02 10:59:39.294 INFO: Epoch 126: head: Default, loss=0.14168461, RMSE_E_per_atom=   99.16 meV, RMSE_F=   37.64 meV / A
2026-09-02 11:00:19.366 INFO: Epoch 127: batch 208/208 (100.0%), loss=0.16440305, step_time=0.213s
2026-09-02 11:00:20.899 INFO: Epoch 127: head: Default, loss=0.14164746, RMSE_E_per_atom=   98.82 meV, RMSE_F=   37.63 meV / A
2026-09-02 11:01:05.761 INFO: Epoch 128: batch 208/208 (100.0%), loss=0.35910976, step_time=0.261s
2026-09-02 11:01:07.295 INFO: Epoch 128: head: Default, loss=0.14181161, RMSE_E_per_atom=   98.95 meV, RMSE_F=   37.66 meV / A
2026-09-02 11:01:53.579 INFO: Epoch 129: batch 208/208 (100.0%), loss=1.91601348, step_time=0.235s
2026-09-02 11:01:55.134 INFO: Epoch 129: head: Default, loss=0.14214782, RMSE_E_per_atom=   98.83 meV, RMSE_F=   37.70 meV / A
2026-09-02 11:02:39.934 INFO: Epoch 130: batch 208/208 (100.0%), loss=0.07817460, step_time=0.164s
2026-09-02 11:02:41.464 INFO: Epoch 130: head: Default, loss=0.14248401, RMSE_E_per_atom=   98.58 meV, RMSE_F=   37.75 meV / A
2026-09-02 11:03:21.665 INFO: Epoch 131: batch 208/208 (100.0%), loss=0.06364861, step_time=0.218s
2026-09-02 11:03:23.261 INFO: Epoch 131: head: Default, loss=0.14284290, RMSE_E_per_atom=   98.93 meV, RMSE_F=   37.79 meV / A
2026-09-02 11:04:04.316 INFO: Epoch 132: batch 208/208 (100.0%), loss=0.15254050, step_time=0.212s
2026-09-02 11:04:05.529 INFO: Epoch 132: head: Default, loss=0.14276466, RMSE_E_per_atom=   98.82 meV, RMSE_F=   37.78 meV / A
2026-09-02 11:04:47.761 INFO: Epoch 133: batch 208/208 (100.0%), loss=0.07841191, step_time=0.107s
2026-09-02 11:04:49.223 INFO: Epoch 133: head: Default, loss=0.14314304, RMSE_E_per_atom=   98.31 meV, RMSE_F=   37.83 meV / A
2026-09-02 11:05:30.076 INFO: Epoch 134: batch 208/208 (100.0%), loss=0.29120749, step_time=0.173s
2026-09-02 11:05:31.047 INFO: Epoch 134: head: Default, loss=0.14330667, RMSE_E_per_atom=   98.24 meV, RMSE_F=   37.85 meV / A
2026-09-02 11:06:13.944 INFO: Epoch 135: batch 208/208 (100.0%), loss=0.13734680, step_time=0.154s
2026-09-02 11:06:15.411 INFO: Epoch 135: head: Default, loss=0.14321622, RMSE_E_per_atom=   98.35 meV, RMSE_F=   37.84 meV / A
2026-09-02 11:06:58.878 INFO: Epoch 136: batch 208/208 (100.0%), loss=0.84135240, step_time=0.160s
2026-09-02 11:06:59.953 INFO: Epoch 136: head: Default, loss=0.14340784, RMSE_E_per_atom=   98.43 meV, RMSE_F=   37.87 meV / A
2026-09-02 11:07:44.529 INFO: Epoch 137: batch 208/208 (100.0%), loss=0.13940957, step_time=0.213s
2026-09-02 11:07:46.147 INFO: Epoch 137: head: Default, loss=0.14391741, RMSE_E_per_atom=   98.23 meV, RMSE_F=   37.94 meV / A
2026-09-02 11:08:30.476 INFO: Epoch 138: batch 208/208 (100.0%), loss=0.05903709, step_time=0.158s
2026-09-02 11:08:32.040 INFO: Epoch 138: head: Default, loss=0.14400382, RMSE_E_per_atom=   98.09 meV, RMSE_F=   37.95 meV / A
2026-09-02 11:09:17.134 INFO: Epoch 139: batch 208/208 (100.0%), loss=0.21940643, step_time=0.195s
2026-09-02 11:09:18.648 INFO: Epoch 139: head: Default, loss=0.14420404, RMSE_E_per_atom=   97.65 meV, RMSE_F=   37.97 meV / A
2026-09-02 11:10:03.385 INFO: Epoch 140: batch 208/208 (100.0%), loss=0.05177283, step_time=0.209s
2026-09-02 11:10:05.019 INFO: Epoch 140: head: Default, loss=0.14444333, RMSE_E_per_atom=   97.33 meV, RMSE_F=   38.00 meV / A
2026-09-02 11:10:49.120 INFO: Epoch 141: batch 208/208 (100.0%), loss=0.13845275, step_time=0.240s
2026-09-02 11:10:50.264 INFO: Epoch 141: head: Default, loss=0.14481656, RMSE_E_per_atom=   97.34 meV, RMSE_F=   38.05 meV / A
2026-09-02 11:11:32.226 INFO: Epoch 142: batch 208/208 (100.0%), loss=0.06445934, step_time=0.197s
2026-09-02 11:11:33.832 INFO: Epoch 142: head: Default, loss=0.14474206, RMSE_E_per_atom=   97.04 meV, RMSE_F=   38.04 meV / A
2026-09-02 11:12:17.010 INFO: Epoch 143: batch 208/208 (100.0%), loss=0.05158320, step_time=0.225s
2026-09-02 11:12:18.624 INFO: Epoch 143: head: Default, loss=0.14472689, RMSE_E_per_atom=   96.95 meV, RMSE_F=   38.04 meV / A
2026-09-02 11:12:57.338 INFO: Epoch 144: batch 208/208 (100.0%), loss=0.22452693, step_time=0.210s
2026-09-02 11:12:58.768 INFO: Epoch 144: head: Default, loss=0.14475413, RMSE_E_per_atom=   96.56 meV, RMSE_F=   38.05 meV / A
2026-09-02 11:13:38.262 INFO: Epoch 145: batch 208/208 (100.0%), loss=0.05837331, step_time=0.094s
2026-09-02 11:13:39.583 INFO: Epoch 145: head: Default, loss=0.14495109, RMSE_E_per_atom=   96.44 meV, RMSE_F=   38.07 meV / A
2026-09-02 11:14:20.908 INFO: Epoch 146: batch 208/208 (100.0%), loss=0.40166473, step_time=0.231s
2026-09-02 11:14:22.520 INFO: Epoch 146: head: Default, loss=0.14502501, RMSE_E_per_atom=   96.37 meV, RMSE_F=   38.08 meV / A
2026-09-02 11:15:07.765 INFO: Epoch 147: batch 208/208 (100.0%), loss=0.27963740, step_time=0.218s
2026-09-02 11:15:09.329 INFO: Epoch 147: head: Default, loss=0.14506687, RMSE_E_per_atom=   95.81 meV, RMSE_F=   38.09 meV / A
2026-09-02 11:15:53.873 INFO: Epoch 148: batch 208/208 (100.0%), loss=0.05790060, step_time=0.202s
2026-09-02 11:15:55.326 INFO: Epoch 148: head: Default, loss=0.14537634, RMSE_E_per_atom=   95.58 meV, RMSE_F=   38.13 meV / A
2026-09-02 11:16:39.812 INFO: Epoch 149: batch 208/208 (100.0%), loss=0.10820851, step_time=0.196s
2026-09-02 11:16:41.440 INFO: Epoch 149: head: Default, loss=0.14568301, RMSE_E_per_atom=   94.87 meV, RMSE_F=   38.17 meV / A
2026-09-02 11:17:26.190 INFO: Epoch 150: batch 208/208 (100.0%), loss=0.27439815, step_time=0.138s
2026-09-02 11:17:27.703 INFO: Epoch 150: head: Default, loss=0.14582372, RMSE_E_per_atom=   94.55 meV, RMSE_F=   38.19 meV / A
2026-09-02 11:18:13.708 INFO: Epoch 151: batch 208/208 (100.0%), loss=0.05655522, step_time=0.237s
2026-09-02 11:18:14.852 INFO: Epoch 151: head: Default, loss=0.14579503, RMSE_E_per_atom=   94.35 meV, RMSE_F=   38.18 meV / A
2026-09-02 11:18:55.085 INFO: Epoch 152: batch 208/208 (100.0%), loss=0.49461499, step_time=0.180s
2026-09-02 11:18:56.311 INFO: Epoch 152: head: Default, loss=0.14597978, RMSE_E_per_atom=   94.01 meV, RMSE_F=   38.21 meV / A
2026-09-02 11:19:35.407 INFO: Epoch 153: batch 208/208 (100.0%), loss=0.25572076, step_time=0.177s
2026-09-02 11:19:36.990 INFO: Epoch 153: head: Default, loss=0.14575343, RMSE_E_per_atom=   94.01 meV, RMSE_F=   38.18 meV / A
2026-09-02 11:20:18.984 INFO: Epoch 154: batch 208/208 (100.0%), loss=0.07423748, step_time=0.184s
2026-09-02 11:20:20.439 INFO: Epoch 154: head: Default, loss=0.14577657, RMSE_E_per_atom=   93.56 meV, RMSE_F=   38.18 meV / A
2026-09-02 11:21:05.720 INFO: Epoch 155: batch 208/208 (100.0%), loss=2.14426088, step_time=0.205s
2026-09-02 11:21:07.408 INFO: Epoch 155: head: Default, loss=0.14568447, RMSE_E_per_atom=   93.37 meV, RMSE_F=   38.17 meV / A
2026-09-02 11:21:44.957 INFO: Epoch 156: batch 208/208 (100.0%), loss=0.04497681, step_time=0.074s
2026-09-02 11:21:45.951 INFO: Epoch 156: head: Default, loss=0.14588933, RMSE_E_per_atom=   93.42 meV, RMSE_F=   38.19 meV / A
2026-09-02 11:22:31.357 INFO: Epoch 157: batch 208/208 (100.0%), loss=0.61240387, step_time=0.195s
2026-09-02 11:22:32.940 INFO: Epoch 157: head: Default, loss=0.14622417, RMSE_E_per_atom=   93.09 meV, RMSE_F=   38.24 meV / A
2026-09-02 11:23:19.191 INFO: Epoch 158: batch 208/208 (100.0%), loss=0.08957183, step_time=0.225s
2026-09-02 11:23:20.784 INFO: Epoch 158: head: Default, loss=0.14623816, RMSE_E_per_atom=   92.65 meV, RMSE_F=   38.24 meV / A
2026-09-02 11:24:04.894 INFO: Epoch 159: batch 208/208 (100.0%), loss=0.12918428, step_time=0.216s
2026-09-02 11:24:06.154 INFO: Epoch 159: head: Default, loss=0.14653923, RMSE_E_per_atom=   92.49 meV, RMSE_F=   38.28 meV / A
2026-09-02 11:24:50.126 INFO: Epoch 160: batch 208/208 (100.0%), loss=0.11394971, step_time=0.181s
2026-09-02 11:24:51.745 INFO: Epoch 160: head: Default, loss=0.14666888, RMSE_E_per_atom=   92.10 meV, RMSE_F=   38.30 meV / A
2026-09-02 11:25:31.041 INFO: Epoch 161: batch 208/208 (100.0%), loss=0.06173729, step_time=0.098s
2026-09-02 11:25:32.239 INFO: Epoch 161: head: Default, loss=0.14677237, RMSE_E_per_atom=   91.78 meV, RMSE_F=   38.31 meV / A
2026-09-02 11:26:17.436 INFO: Epoch 162: batch 208/208 (100.0%), loss=0.28716275, step_time=0.191s
2026-09-02 11:26:18.991 INFO: Epoch 162: head: Default, loss=0.14690445, RMSE_E_per_atom=   91.17 meV, RMSE_F=   38.33 meV / A
2026-09-02 11:26:59.679 INFO: Epoch 163: batch 208/208 (100.0%), loss=0.03517784, step_time=0.121s
2026-09-02 11:27:01.235 INFO: Epoch 163: head: Default, loss=0.14718060, RMSE_E_per_atom=   90.61 meV, RMSE_F=   38.36 meV / A
2026-09-02 11:27:45.961 INFO: Epoch 164: batch 208/208 (100.0%), loss=0.06028738, step_time=0.223s
2026-09-02 11:27:47.529 INFO: Epoch 164: head: Default, loss=0.14692353, RMSE_E_per_atom=   90.10 meV, RMSE_F=   38.33 meV / A
2026-09-02 11:28:33.644 INFO: Epoch 165: batch 208/208 (100.0%), loss=0.03298344, step_time=0.206s
2026-09-02 11:28:35.344 INFO: Epoch 165: head: Default, loss=0.14697242, RMSE_E_per_atom=   89.61 meV, RMSE_F=   38.34 meV / A
2026-09-02 11:29:20.030 INFO: Epoch 166: batch 208/208 (100.0%), loss=0.05866194, step_time=0.170s
2026-09-02 11:29:21.662 INFO: Epoch 166: head: Default, loss=0.14700152, RMSE_E_per_atom=   89.25 meV, RMSE_F=   38.34 meV / A
2026-09-02 11:30:05.847 INFO: Epoch 167: batch 208/208 (100.0%), loss=0.14019848, step_time=0.077s
2026-09-02 11:30:06.862 INFO: Epoch 167: head: Default, loss=0.14707166, RMSE_E_per_atom=   88.95 meV, RMSE_F=   38.35 meV / A
2026-09-02 11:30:52.871 INFO: Epoch 168: batch 208/208 (100.0%), loss=0.06636818, step_time=0.212s
2026-09-02 11:30:54.460 INFO: Epoch 168: head: Default, loss=0.14701176, RMSE_E_per_atom=   88.67 meV, RMSE_F=   38.34 meV / A
2026-09-02 11:31:36.741 INFO: Epoch 169: batch 208/208 (100.0%), loss=0.29664102, step_time=0.111s
2026-09-02 11:31:38.373 INFO: Epoch 169: head: Default, loss=0.14710067, RMSE_E_per_atom=   88.34 meV, RMSE_F=   38.35 meV / A
2026-09-02 11:32:22.303 INFO: Epoch 170: batch 208/208 (100.0%), loss=0.07183683, step_time=0.172s
2026-09-02 11:32:23.761 INFO: Epoch 170: head: Default, loss=0.14717172, RMSE_E_per_atom=   88.32 meV, RMSE_F=   38.36 meV / A
2026-09-02 11:33:04.356 INFO: Epoch 171: batch 208/208 (100.0%), loss=0.11252977, step_time=0.188s
2026-09-02 11:33:05.897 INFO: Epoch 171: head: Default, loss=0.14725123, RMSE_E_per_atom=   88.02 meV, RMSE_F=   38.37 meV / A
2026-09-02 11:33:45.865 INFO: Epoch 172: batch 208/208 (100.0%), loss=0.16075510, step_time=0.167s
2026-09-02 11:33:47.246 INFO: Epoch 172: head: Default, loss=0.14742085, RMSE_E_per_atom=   87.41 meV, RMSE_F=   38.39 meV / A
2026-09-02 11:34:24.688 INFO: Epoch 173: batch 208/208 (100.0%), loss=0.05290039, step_time=0.091s
2026-09-02 11:34:26.240 INFO: Epoch 173: head: Default, loss=0.14754222, RMSE_E_per_atom=   87.25 meV, RMSE_F=   38.41 meV / A
2026-09-02 11:35:06.521 INFO: Epoch 174: batch 208/208 (100.0%), loss=0.06323483, step_time=0.075s
2026-09-02 11:35:08.091 INFO: Epoch 174: head: Default, loss=0.14746016, RMSE_E_per_atom=   87.30 meV, RMSE_F=   38.40 meV / A
2026-09-02 11:35:52.731 INFO: Epoch 175: batch 208/208 (100.0%), loss=0.12133905, step_time=0.223s
2026-09-02 11:35:54.159 INFO: Epoch 175: head: Default, loss=0.14752850, RMSE_E_per_atom=   86.97 meV, RMSE_F=   38.41 meV / A
2026-09-02 11:36:32.437 INFO: Epoch 176: batch 208/208 (100.0%), loss=0.04803669, step_time=0.137s
2026-09-02 11:36:33.831 INFO: Epoch 176: head: Default, loss=0.14770295, RMSE_E_per_atom=   86.93 meV, RMSE_F=   38.43 meV / A
2026-09-02 11:37:15.653 INFO: Epoch 177: batch 208/208 (100.0%), loss=0.08808881, step_time=0.220s
2026-09-02 11:37:17.333 INFO: Epoch 177: head: Default, loss=0.14788391, RMSE_E_per_atom=   86.81 meV, RMSE_F=   38.45 meV / A
2026-09-02 11:37:55.485 INFO: Epoch 178: batch 208/208 (100.0%), loss=0.08971319, step_time=0.108s
2026-09-02 11:37:56.998 INFO: Epoch 178: head: Default, loss=0.14796552, RMSE_E_per_atom=   86.81 meV, RMSE_F=   38.47 meV / A
2026-09-02 11:38:39.596 INFO: Epoch 179: batch 208/208 (100.0%), loss=0.11143307, step_time=0.220s
2026-09-02 11:38:40.771 INFO: Epoch 179: head: Default, loss=0.14820665, RMSE_E_per_atom=   86.58 meV, RMSE_F=   38.50 meV / A
2026-09-02 11:39:26.168 INFO: Epoch 180: batch 208/208 (100.0%), loss=0.07455920, step_time=0.206s
2026-09-02 11:39:27.707 INFO: Epoch 180: head: Default, loss=0.14850281, RMSE_E_per_atom=   86.24 meV, RMSE_F=   38.54 meV / A
2026-09-02 11:40:11.397 INFO: Epoch 181: batch 208/208 (100.0%), loss=0.09452822, step_time=0.191s
2026-09-02 11:40:12.964 INFO: Epoch 181: head: Default, loss=0.14879864, RMSE_E_per_atom=   86.20 meV, RMSE_F=   38.57 meV / A
2026-09-02 11:40:55.750 INFO: Epoch 182: batch 208/208 (100.0%), loss=0.30580369, step_time=0.202s
2026-09-02 11:40:57.146 INFO: Epoch 182: head: Default, loss=0.14898494, RMSE_E_per_atom=   85.87 meV, RMSE_F=   38.60 meV / A
2026-09-02 11:41:41.621 INFO: Epoch 183: batch 208/208 (100.0%), loss=0.08493670, step_time=0.203s
2026-09-02 11:41:43.143 INFO: Epoch 183: head: Default, loss=0.14909153, RMSE_E_per_atom=   85.67 meV, RMSE_F=   38.61 meV / A
2026-09-02 11:42:27.638 INFO: Epoch 184: batch 208/208 (100.0%), loss=0.02665558, step_time=0.209s
2026-09-02 11:42:29.305 INFO: Epoch 184: head: Default, loss=0.14919695, RMSE_E_per_atom=   85.44 meV, RMSE_F=   38.63 meV / A
2026-09-02 11:43:13.581 INFO: Epoch 185: batch 208/208 (100.0%), loss=0.14209895, step_time=0.241s
2026-09-02 11:43:15.108 INFO: Epoch 185: head: Default, loss=0.14946911, RMSE_E_per_atom=   85.01 meV, RMSE_F=   38.66 meV / A
2026-09-02 11:43:58.167 INFO: Epoch 186: batch 208/208 (100.0%), loss=0.05376743, step_time=0.220s
2026-09-02 11:43:59.475 INFO: Epoch 186: head: Default, loss=0.14976349, RMSE_E_per_atom=   84.55 meV, RMSE_F=   38.70 meV / A
2026-09-02 11:44:42.504 INFO: Epoch 187: batch 208/208 (100.0%), loss=0.07542360, step_time=0.200s
2026-09-02 11:44:43.784 INFO: Epoch 187: head: Default, loss=0.14983302, RMSE_E_per_atom=   84.23 meV, RMSE_F=   38.71 meV / A
2026-09-02 11:45:27.035 INFO: Epoch 188: batch 208/208 (100.0%), loss=1.26459777, step_time=0.214s
2026-09-02 11:45:28.668 INFO: Epoch 188: head: Default, loss=0.14987887, RMSE_E_per_atom=   83.87 meV, RMSE_F=   38.71 meV / A
2026-09-02 11:46:12.239 INFO: Epoch 189: batch 208/208 (100.0%), loss=0.08232648, step_time=0.183s
2026-09-02 11:46:13.736 INFO: Epoch 189: head: Default, loss=0.14993906, RMSE_E_per_atom=   83.38 meV, RMSE_F=   38.72 meV / A
2026-09-02 11:46:57.579 INFO: Epoch 190: batch 208/208 (100.0%), loss=0.03359429, step_time=0.214s
2026-09-02 11:46:59.074 INFO: Epoch 190: head: Default, loss=0.15000419, RMSE_E_per_atom=   82.96 meV, RMSE_F=   38.73 meV / A
2026-09-02 11:47:39.748 INFO: Epoch 191: batch 208/208 (100.0%), loss=0.21214706, step_time=0.180s
2026-09-02 11:47:40.958 INFO: Epoch 191: head: Default, loss=0.15016145, RMSE_E_per_atom=   82.74 meV, RMSE_F=   38.75 meV / A
2026-09-02 11:48:23.670 INFO: Epoch 192: batch 208/208 (100.0%), loss=0.05586784, step_time=0.185s
2026-09-02 11:48:25.419 INFO: Epoch 192: head: Default, loss=0.15016216, RMSE_E_per_atom=   82.36 meV, RMSE_F=   38.75 meV / A
2026-09-02 11:49:10.014 INFO: Epoch 193: batch 208/208 (100.0%), loss=0.05577496, step_time=0.212s
2026-09-02 11:49:11.313 INFO: Epoch 193: head: Default, loss=0.15035926, RMSE_E_per_atom=   81.96 meV, RMSE_F=   38.78 meV / A
2026-09-02 11:49:54.046 INFO: Epoch 194: batch 208/208 (100.0%), loss=0.03527804, step_time=0.198s
2026-09-02 11:49:55.646 INFO: Epoch 194: head: Default, loss=0.15042719, RMSE_E_per_atom=   81.64 meV, RMSE_F=   38.78 meV / A
2026-09-02 11:50:37.681 INFO: Epoch 195: batch 208/208 (100.0%), loss=0.03451136, step_time=0.201s
2026-09-02 11:50:39.310 INFO: Epoch 195: head: Default, loss=0.15046512, RMSE_E_per_atom=   81.19 meV, RMSE_F=   38.79 meV / A
2026-09-02 11:51:23.632 INFO: Epoch 196: batch 208/208 (100.0%), loss=0.11738114, step_time=0.202s
2026-09-02 11:51:24.486 INFO: Epoch 196: head: Default, loss=0.15060662, RMSE_E_per_atom=   80.58 meV, RMSE_F=   38.81 meV / A
2026-09-02 11:52:02.682 INFO: Epoch 197: batch 208/208 (100.0%), loss=0.09460598, step_time=0.153s
2026-09-02 11:52:04.091 INFO: Epoch 197: head: Default, loss=0.15069388, RMSE_E_per_atom=   80.18 meV, RMSE_F=   38.82 meV / A
2026-09-02 11:52:46.977 INFO: Epoch 198: batch 208/208 (100.0%), loss=0.26376119, step_time=0.164s
2026-09-02 11:52:48.377 INFO: Epoch 198: head: Default, loss=0.15092583, RMSE_E_per_atom=   79.68 meV, RMSE_F=   38.85 meV / A
2026-09-02 11:53:33.516 INFO: Epoch 199: batch 208/208 (100.0%), loss=0.16440174, step_time=0.169s
2026-09-02 11:53:35.249 INFO: Epoch 199: head: Default, loss=0.15107359, RMSE_E_per_atom=   79.40 meV, RMSE_F=   38.87 meV / A
2026-09-02 11:53:35.252 INFO: Training complete
2026-09-02 11:53:35.252 INFO: 
2026-09-02 11:53:35.252 INFO: ===========RESULTS===========
2026-09-02 11:53:35.253 INFO: Loading checkpoint: /home/kevinsh/mlip/codes/D2_naive/runs/polar1s_naive_orca_dft_e0/checkpoints/polar1s_naive_orca_dft_e0_run-3_epoch-36.pt
2026-09-02 11:53:35.392 INFO: Loaded Stage one model from epoch 36 for evaluation
2026-09-02 11:53:35.392 INFO: Saving model to /home/kevinsh/mlip/codes/D2_naive/runs/polar1s_naive_orca_dft_e0/checkpoints/polar1s_naive_orca_dft_e0_run-3.model
2026-09-02 11:53:35.876 INFO: Compiling model, saving metadata to /home/kevinsh/mlip/codes/D2_naive/runs/polar1s_naive_orca_dft_e0/models/polar1s_naive_orca_dft_e0_compiled.model
2026-09-02 11:53:36.836 INFO: Computing metrics for training, validation, and test sets
2026-09-02 11:53:36.839 INFO: Skipping evaluation for heads: ['pt_head']
2026-09-02 11:53:36.840 INFO: Evaluating train_Default ...
2026-09-02 11:54:23.033 INFO: Evaluating valid_Default ...
2026-09-02 11:54:24.487 INFO: Error-table on TRAIN and VALID:
+---------------+---------------------+------------------+-------------------+
|  config_type  | RMSE E / meV / atom | RMSE F / meV / A | relative F RMSE % |
+---------------+---------------------+------------------+-------------------+
| train_Default |          217.7      |        142.3     |          9.16     |
| valid_Default |           46.5      |         32.2     |          3.62     |
+---------------+---------------------+------------------+-------------------+
2026-09-02 11:54:24.855 INFO: Done
